Note: Main.java uses unchecked or unsafe operations.
Note: Recompile with -Xlint:unchecked for details.
=== T=1 S=Default D=Uniform V=100000 MIX=1:1:8 O=100000 W=3 M=5 ===
Warmup time: 127322459
Warmup discrepancy: -1
Warmup time: 125168461
Warmup discrepancy: -1
Warmup time: 91130336
Warmup discrepancy: -1
Measurement time: 95479158
Measurement discrepancy: -1
Measurement time: 61859601
Measurement discrepancy: -1
Measurement time: 62676967
Measurement discrepancy: -1
Measurement time: 88863658
Measurement discrepancy: -1
Measurement time: 88711525
Measurement discrepancy: -1

=== T=2 S=Default D=Uniform V=100000 MIX=1:1:8 O=100000 W=3 M=5 ===
Warmup time: 202144562
Warmup discrepancy: -1
Warmup time: 130669779
Warmup discrepancy: -1
Warmup time: 136540999
Warmup discrepancy: -1
Measurement time: 101672001
Measurement discrepancy: -1
Measurement time: 124670036
Measurement discrepancy: -1
Measurement time: 124802272
Measurement discrepancy: -1
Measurement time: 125100455
Measurement discrepancy: -1
Measurement time: 123678517
Measurement discrepancy: -1

=== T=4 S=Default D=Uniform V=100000 MIX=1:1:8 O=100000 W=3 M=5 ===
Warmup time: 408874419
Warmup discrepancy: -1
Warmup time: 281171295
Warmup discrepancy: -1
Warmup time: 183929694
Warmup discrepancy: -1
Measurement time: 180691116
Measurement discrepancy: -1
Measurement time: 152834427
Measurement discrepancy: -1
Measurement time: 146822623
Measurement discrepancy: -1
Measurement time: 134386192
Measurement discrepancy: -1
Measurement time: 161100201
Measurement discrepancy: -1

=== T=8 S=Default D=Uniform V=100000 MIX=1:1:8 O=100000 W=3 M=5 ===
Warmup time: 542376611
Warmup discrepancy: -1
Warmup time: 413261268
Warmup discrepancy: -1
Warmup time: 263611650
Warmup discrepancy: -1
Measurement time: 202301317
Measurement discrepancy: -1
Measurement time: 373875801
Measurement discrepancy: -1
Measurement time: 259913429
Measurement discrepancy: -1
Measurement time: 280219680
Measurement discrepancy: -1
Measurement time: 267364241
Measurement discrepancy: -1

=== T=1 S=Default D=Uniform V=100000 MIX=1:1:0 O=100000 W=3 M=5 ===
Warmup time: 415472511
Warmup discrepancy: -1
Warmup time: 211456191
Warmup discrepancy: -1
Warmup time: 161834694
Warmup discrepancy: -1
Measurement time: 164521108
Measurement discrepancy: -1
Measurement time: 155249157
Measurement discrepancy: -1
Measurement time: 106804302
Measurement discrepancy: -1
Measurement time: 209939026
Measurement discrepancy: -1
Measurement time: 164714667
Measurement discrepancy: -1

=== T=2 S=Default D=Uniform V=100000 MIX=1:1:0 O=100000 W=3 M=5 ===
Warmup time: 421360043
Warmup discrepancy: -1
Warmup time: 248421839
Warmup discrepancy: -1
Warmup time: 193351553
Warmup discrepancy: -1
Measurement time: 263453105
Measurement discrepancy: -1
Measurement time: 266028713
Measurement discrepancy: -1
Measurement time: 269961069
Measurement discrepancy: -1
Measurement time: 234576534
Measurement discrepancy: -1
Measurement time: 242311323
Measurement discrepancy: -1

=== T=4 S=Default D=Uniform V=100000 MIX=1:1:0 O=100000 W=3 M=5 ===
Warmup time: 524235266
Warmup discrepancy: -1
Warmup time: 357811629
Warmup discrepancy: -1
Warmup time: 310295798
Warmup discrepancy: -1
Measurement time: 318045243
Measurement discrepancy: -1
Measurement time: 426388752
Measurement discrepancy: -1
Measurement time: 458404897
Measurement discrepancy: -1
Measurement time: 461150892
Measurement discrepancy: -1
Measurement time: 281364053
Measurement discrepancy: -1

=== T=8 S=Default D=Uniform V=100000 MIX=1:1:0 O=100000 W=3 M=5 ===
Warmup time: 712329737
Warmup discrepancy: -1
Warmup time: 445459142
Warmup discrepancy: -1
Warmup time: 420285629
Warmup discrepancy: -1
Measurement time: 383524030
Measurement discrepancy: -1
Measurement time: 309139692
Measurement discrepancy: -1
Measurement time: 387315103
Measurement discrepancy: -1
Measurement time: 392486657
Measurement discrepancy: -1
Measurement time: 363083658
Measurement discrepancy: -1

=== T=1 S=Default D=Normal V=100000 MIX=1:1:8 O=100000 W=3 M=5 ===
Warmup time: 81633255
Warmup discrepancy: -1
Warmup time: 74257241
Warmup discrepancy: -1
Warmup time: 96446155
Warmup discrepancy: -1
Measurement time: 111010887
Measurement discrepancy: -1
Measurement time: 101249347
Measurement discrepancy: -1
Measurement time: 98812987
Measurement discrepancy: -1
Measurement time: 97513596
Measurement discrepancy: -1
Measurement time: 104740163
Measurement discrepancy: -1

=== T=2 S=Default D=Normal V=100000 MIX=1:1:8 O=100000 W=3 M=5 ===
Warmup time: 276545234
Warmup discrepancy: -1
Warmup time: 171384511
Warmup discrepancy: -1
Warmup time: 159241323
Warmup discrepancy: -1
Measurement time: 122456560
Measurement discrepancy: -1
Measurement time: 159390890
Measurement discrepancy: -1
Measurement time: 157910965
Measurement discrepancy: -1
Measurement time: 155888793
Measurement discrepancy: -1
Measurement time: 140460401
Measurement discrepancy: -1

=== T=4 S=Default D=Normal V=100000 MIX=1:1:8 O=100000 W=3 M=5 ===
Warmup time: 530074719
Warmup discrepancy: -1
Warmup time: 263010223
Warmup discrepancy: -1
Warmup time: 219445954
Warmup discrepancy: -1
Measurement time: 215349464
Measurement discrepancy: -1
Measurement time: 190194888
Measurement discrepancy: -1
Measurement time: 182189185
Measurement discrepancy: -1
Measurement time: 206432621
Measurement discrepancy: -1
Measurement time: 294599077
Measurement discrepancy: -1

=== T=8 S=Default D=Normal V=100000 MIX=1:1:8 O=100000 W=3 M=5 ===
Warmup time: 550740657
Warmup discrepancy: -1
Warmup time: 354459860
Warmup discrepancy: -1
Warmup time: 215258665
Warmup discrepancy: -1
Measurement time: 218510108
Measurement discrepancy: -1
Measurement time: 171791556
Measurement discrepancy: -1
Measurement time: 262094244
Measurement discrepancy: -1
Measurement time: 222797561
Measurement discrepancy: -1
Measurement time: 234146376
Measurement discrepancy: -1

=== T=1 S=Default D=Normal V=100000 MIX=1:1:0 O=100000 W=3 M=5 ===
Warmup time: 142807916
Warmup discrepancy: -1
Warmup time: 250321634
Warmup discrepancy: -1
Warmup time: 171143173
Warmup discrepancy: -1
Measurement time: 163398685
Measurement discrepancy: -1
Measurement time: 123336112
Measurement discrepancy: -1
Measurement time: 133287474
Measurement discrepancy: -1
Measurement time: 109751179
Measurement discrepancy: -1
Measurement time: 103383296
Measurement discrepancy: -1

=== T=2 S=Default D=Normal V=100000 MIX=1:1:0 O=100000 W=3 M=5 ===
Warmup time: 337461105
Warmup discrepancy: -1
Warmup time: 294988259
Warmup discrepancy: -1
Warmup time: 227780165
Warmup discrepancy: -1
Measurement time: 202537264
Measurement discrepancy: -1
Measurement time: 218203669
Measurement discrepancy: -1
Measurement time: 195215722
Measurement discrepancy: -1
Measurement time: 229908944
Measurement discrepancy: -1
Measurement time: 233124059
Measurement discrepancy: -1

=== T=4 S=Default D=Normal V=100000 MIX=1:1:0 O=100000 W=3 M=5 ===
Warmup time: 363149301
Warmup discrepancy: -1
Warmup time: 243488858
Warmup discrepancy: -1
Warmup time: 317245531
Warmup discrepancy: -1
Measurement time: 280828579
Measurement discrepancy: -1
Measurement time: 275737565
Measurement discrepancy: -1
Measurement time: 261372245
Measurement discrepancy: -1
Measurement time: 316068227
Measurement discrepancy: -1
Measurement time: 297879373
Measurement discrepancy: -1

=== T=8 S=Default D=Normal V=100000 MIX=1:1:0 O=100000 W=3 M=5 ===
Warmup time: 535455942
Warmup discrepancy: -1
Warmup time: 448047002
Warmup discrepancy: -1
Warmup time: 308396664
Warmup discrepancy: -1
Measurement time: 304047025
Measurement discrepancy: -1
Measurement time: 308216520
Measurement discrepancy: -1
Measurement time: 350244218
Measurement discrepancy: -1
Measurement time: 313639170
Measurement discrepancy: -1
Measurement time: 330387971
Measurement discrepancy: -1

