Note: Main.java uses unchecked or unsafe operations.
Note: Recompile with -Xlint:unchecked for details.
=== T=1 S=LocalLog D=Uniform V=10000 MIX=1:1:8 O=100000 W=3 M=20 ===
Warmup time: 206373786
Warmup discrepancy: 0
Warmup time: 140264323
Warmup discrepancy: 0
Warmup time: 133317855
Warmup discrepancy: 0
Measurement time: 135806092
Measurement discrepancy: 0
Measurement time: 129303627
Measurement discrepancy: 0
Measurement time: 140749614
Measurement discrepancy: 0
Measurement time: 188253578
Measurement discrepancy: 0
Measurement time: 134395314
Measurement discrepancy: 0
Measurement time: 134019006
Measurement discrepancy: 0
Measurement time: 121887979
Measurement discrepancy: 0
Measurement time: 132224917
Measurement discrepancy: 0
Measurement time: 131664517
Measurement discrepancy: 0
Measurement time: 162838114
Measurement discrepancy: 0
Measurement time: 141996717
Measurement discrepancy: 0
Measurement time: 116745107
Measurement discrepancy: 0
Measurement time: 128843173
Measurement discrepancy: 0
Measurement time: 130232961
Measurement discrepancy: 0
Measurement time: 131568150
Measurement discrepancy: 0
Measurement time: 144216255
Measurement discrepancy: 0
Measurement time: 144525579
Measurement discrepancy: 0
Measurement time: 144845783
Measurement discrepancy: 0
Measurement time: 147865375
Measurement discrepancy: 0
Measurement time: 135137992
Measurement discrepancy: 0

=== T=2 S=LocalLog D=Uniform V=10000 MIX=1:1:8 O=100000 W=3 M=20 ===
Warmup time: 365087137
Warmup discrepancy: 0
Warmup time: 219858965
Warmup discrepancy: 0
Warmup time: 166828518
Warmup discrepancy: 0
Measurement time: 218567671
Measurement discrepancy: 0
Measurement time: 222383030
Measurement discrepancy: 0
Measurement time: 230860192
Measurement discrepancy: 0
Measurement time: 201612013
Measurement discrepancy: 0
Measurement time: 174723463
Measurement discrepancy: 0
Measurement time: 181747989
Measurement discrepancy: 0
Measurement time: 188823591
Measurement discrepancy: 0
Measurement time: 192705575
Measurement discrepancy: 0
Measurement time: 186986592
Measurement discrepancy: 0
Measurement time: 226443035
Measurement discrepancy: 0
Measurement time: 175970717
Measurement discrepancy: 0
Measurement time: 198558907
Measurement discrepancy: 0
Measurement time: 206485006
Measurement discrepancy: 0
Measurement time: 234354587
Measurement discrepancy: 0
Measurement time: 201327004
Measurement discrepancy: 0
Measurement time: 215070158
Measurement discrepancy: 0
Measurement time: 225285747
Measurement discrepancy: 0
Measurement time: 186366250
Measurement discrepancy: 0
Measurement time: 213063855
Measurement discrepancy: 0
Measurement time: 221584658
Measurement discrepancy: 0

=== T=4 S=LocalLog D=Uniform V=10000 MIX=1:1:8 O=100000 W=3 M=20 ===
Warmup time: 496201034
Warmup discrepancy: 2
Warmup time: 365247660
Warmup discrepancy: 0
Warmup time: 267901464
Warmup discrepancy: 0
Measurement time: 224422174
Measurement discrepancy: 1
Measurement time: 282796627
Measurement discrepancy: 0
Measurement time: 285970867
Measurement discrepancy: 0
Measurement time: 253849686
Measurement discrepancy: 0
Measurement time: 334161169
Measurement discrepancy: 0
Measurement time: 372681295
Measurement discrepancy: 2
Measurement time: 226109005
Measurement discrepancy: 0
Measurement time: 286139270
Measurement discrepancy: 1
Measurement time: 252124826
Measurement discrepancy: 1
Measurement time: 228706235
Measurement discrepancy: 0
Measurement time: 219291142
Measurement discrepancy: 0
Measurement time: 232124518
Measurement discrepancy: 0
Measurement time: 288110637
Measurement discrepancy: 0
Measurement time: 155870976
Measurement discrepancy: 0
Measurement time: 204344965
Measurement discrepancy: 1
Measurement time: 270295286
Measurement discrepancy: 0
Measurement time: 241327827
Measurement discrepancy: 0
Measurement time: 259923097
Measurement discrepancy: 0
Measurement time: 276986895
Measurement discrepancy: 1
Measurement time: 243612769
Measurement discrepancy: 0

=== T=8 S=LocalLog D=Uniform V=10000 MIX=1:1:8 O=100000 W=3 M=20 ===
Warmup time: 535742886
Warmup discrepancy: 2
Warmup time: 519280575
Warmup discrepancy: 1
Warmup time: 367623258
Warmup discrepancy: 2
Measurement time: 279379284
Measurement discrepancy: 1
Measurement time: 302060085
Measurement discrepancy: 1
Measurement time: 310076102
Measurement discrepancy: 1
Measurement time: 318198615
Measurement discrepancy: 1
Measurement time: 326155652
Measurement discrepancy: 1
Measurement time: 226275664
Measurement discrepancy: 3
Measurement time: 278505813
Measurement discrepancy: 1
Measurement time: 262937622
Measurement discrepancy: 1
Measurement time: 313818226
Measurement discrepancy: 3
Measurement time: 295739936
Measurement discrepancy: 1
Measurement time: 298259082
Measurement discrepancy: 2
Measurement time: 282149825
Measurement discrepancy: 2
Measurement time: 288535516
Measurement discrepancy: 0
Measurement time: 295634771
Measurement discrepancy: 2
Measurement time: 347968974
Measurement discrepancy: 2
Measurement time: 317650388
Measurement discrepancy: 1
Measurement time: 336171991
Measurement discrepancy: 1
Measurement time: 278096324
Measurement discrepancy: 1
Measurement time: 341863303
Measurement discrepancy: 2
Measurement time: 261923890
Measurement discrepancy: 1

=== T=1 S=LocalLog D=Uniform V=10000 MIX=1:1:0 O=100000 W=3 M=20 ===
Warmup time: 288639321
Warmup discrepancy: 0
Warmup time: 191802745
Warmup discrepancy: 0
Warmup time: 219901051
Warmup discrepancy: 0
Measurement time: 166137230
Measurement discrepancy: 0
Measurement time: 232098028
Measurement discrepancy: 0
Measurement time: 169719025
Measurement discrepancy: 0
Measurement time: 137700536
Measurement discrepancy: 0
Measurement time: 173056146
Measurement discrepancy: 0
Measurement time: 163511319
Measurement discrepancy: 0
Measurement time: 163927812
Measurement discrepancy: 0
Measurement time: 164645112
Measurement discrepancy: 0
Measurement time: 169560090
Measurement discrepancy: 0
Measurement time: 163072334
Measurement discrepancy: 0
Measurement time: 193451653
Measurement discrepancy: 0
Measurement time: 167034214
Measurement discrepancy: 0
Measurement time: 145370104
Measurement discrepancy: 0
Measurement time: 140742208
Measurement discrepancy: 0
Measurement time: 156017638
Measurement discrepancy: 0
Measurement time: 154178746
Measurement discrepancy: 0
Measurement time: 170400640
Measurement discrepancy: 0
Measurement time: 186133166
Measurement discrepancy: 0
Measurement time: 127313647
Measurement discrepancy: 0
Measurement time: 100737133
Measurement discrepancy: 0

=== T=2 S=LocalLog D=Uniform V=10000 MIX=1:1:0 O=100000 W=3 M=20 ===
Warmup time: 418789691
Warmup discrepancy: 0
Warmup time: 319898361
Warmup discrepancy: 0
Warmup time: 231290390
Warmup discrepancy: 0
Measurement time: 250220759
Measurement discrepancy: 0
Measurement time: 252574064
Measurement discrepancy: 0
Measurement time: 305484061
Measurement discrepancy: 0
Measurement time: 263089813
Measurement discrepancy: 0
Measurement time: 261662985
Measurement discrepancy: 0
Measurement time: 278122461
Measurement discrepancy: 0
Measurement time: 247455960
Measurement discrepancy: 0
Measurement time: 318765419
Measurement discrepancy: 0
Measurement time: 228899725
Measurement discrepancy: 0
Measurement time: 296953044
Measurement discrepancy: 0
Measurement time: 282887260
Measurement discrepancy: 0
Measurement time: 264151431
Measurement discrepancy: 0
Measurement time: 305264433
Measurement discrepancy: 0
Measurement time: 266405415
Measurement discrepancy: 0
Measurement time: 283288905
Measurement discrepancy: 0
Measurement time: 239718826
Measurement discrepancy: 0
Measurement time: 303842906
Measurement discrepancy: 0
Measurement time: 315980282
Measurement discrepancy: 0
Measurement time: 234261282
Measurement discrepancy: 0
Measurement time: 302256904
Measurement discrepancy: 0

=== T=4 S=LocalLog D=Uniform V=10000 MIX=1:1:0 O=100000 W=3 M=20 ===
Warmup time: 644798712
Warmup discrepancy: 2
Warmup time: 457176794
Warmup discrepancy: 2
Warmup time: 332202868
Warmup discrepancy: 2
Measurement time: 360681661
Measurement discrepancy: 2
Measurement time: 354704022
Measurement discrepancy: 0
Measurement time: 306567310
Measurement discrepancy: 2
Measurement time: 282044967
Measurement discrepancy: 4
Measurement time: 298952614
Measurement discrepancy: 0
Measurement time: 359127829
Measurement discrepancy: 0
Measurement time: 337525172
Measurement discrepancy: 2
Measurement time: 332335775
Measurement discrepancy: 2
Measurement time: 310135640
Measurement discrepancy: 0
Measurement time: 318027300
Measurement discrepancy: 2
Measurement time: 384533469
Measurement discrepancy: 2
Measurement time: 310759207
Measurement discrepancy: 2
Measurement time: 308548064
Measurement discrepancy: 4
Measurement time: 284971126
Measurement discrepancy: 0
Measurement time: 426296386
Measurement discrepancy: 2
Measurement time: 346654969
Measurement discrepancy: 4
Measurement time: 283780777
Measurement discrepancy: 4
Measurement time: 375482729
Measurement discrepancy: 2
Measurement time: 397160227
Measurement discrepancy: 2
Measurement time: 338185671
Measurement discrepancy: 0

=== T=8 S=LocalLog D=Uniform V=10000 MIX=1:1:0 O=100000 W=3 M=20 ===
Warmup time: 740754837
Warmup discrepancy: 4
Warmup time: 562538042
Warmup discrepancy: 2
Warmup time: 344928828
Warmup discrepancy: 10
Measurement time: 496812465
Measurement discrepancy: 8
Measurement time: 470837272
Measurement discrepancy: 14
Measurement time: 355459524
Measurement discrepancy: 16
Measurement time: 352276346
Measurement discrepancy: 12
Measurement time: 409650049
Measurement discrepancy: 6
Measurement time: 377010395
Measurement discrepancy: 4
Measurement time: 449872237
Measurement discrepancy: 10
Measurement time: 376658151
Measurement discrepancy: 2
Measurement time: 352411967
Measurement discrepancy: 12
Measurement time: 351109429
Measurement discrepancy: 16
Measurement time: 355580728
Measurement discrepancy: 6
Measurement time: 350528692
Measurement discrepancy: 0
Measurement time: 345626833
Measurement discrepancy: 14
Measurement time: 343556290
Measurement discrepancy: 12
Measurement time: 406822781
Measurement discrepancy: 16
Measurement time: 416400528
Measurement discrepancy: 10
Measurement time: 406712206
Measurement discrepancy: 10
Measurement time: 407256156
Measurement discrepancy: 4
Measurement time: 305357657
Measurement discrepancy: 4
Measurement time: 344146525
Measurement discrepancy: 2

=== T=1 S=LocalLog D=Normal V=10000 MIX=1:1:8 O=100000 W=3 M=20 ===
Warmup time: 178369228
Warmup discrepancy: 0
Warmup time: 139451571
Warmup discrepancy: 0
Warmup time: 100012287
Warmup discrepancy: 0
Measurement time: 125185301
Measurement discrepancy: 0
Measurement time: 120917571
Measurement discrepancy: 0
Measurement time: 136723899
Measurement discrepancy: 0
Measurement time: 99635828
Measurement discrepancy: 0
Measurement time: 108702688
Measurement discrepancy: 0
Measurement time: 104057696
Measurement discrepancy: 0
Measurement time: 111511571
Measurement discrepancy: 0
Measurement time: 107302729
Measurement discrepancy: 0
Measurement time: 117301308
Measurement discrepancy: 0
Measurement time: 104576378
Measurement discrepancy: 0
Measurement time: 103541589
Measurement discrepancy: 0
Measurement time: 107412032
Measurement discrepancy: 0
Measurement time: 102733230
Measurement discrepancy: 0
Measurement time: 104807973
Measurement discrepancy: 0
Measurement time: 101835789
Measurement discrepancy: 0
Measurement time: 101681733
Measurement discrepancy: 0
Measurement time: 102641995
Measurement discrepancy: 0
Measurement time: 103919305
Measurement discrepancy: 0
Measurement time: 103724072
Measurement discrepancy: 0
Measurement time: 104052572
Measurement discrepancy: 0

=== T=2 S=LocalLog D=Normal V=10000 MIX=1:1:8 O=100000 W=3 M=20 ===
Warmup time: 282312465
Warmup discrepancy: 0
Warmup time: 211203802
Warmup discrepancy: 0
Warmup time: 193157462
Warmup discrepancy: 1
Measurement time: 166064579
Measurement discrepancy: 0
Measurement time: 170113741
Measurement discrepancy: 1
Measurement time: 149244012
Measurement discrepancy: 0
Measurement time: 168566770
Measurement discrepancy: 2
Measurement time: 129195958
Measurement discrepancy: 0
Measurement time: 157990619
Measurement discrepancy: 0
Measurement time: 128180855
Measurement discrepancy: 1
Measurement time: 115435149
Measurement discrepancy: 0
Measurement time: 142198000
Measurement discrepancy: 0
Measurement time: 126157772
Measurement discrepancy: 0
Measurement time: 122976931
Measurement discrepancy: 1
Measurement time: 143677064
Measurement discrepancy: 0
Measurement time: 172487635
Measurement discrepancy: 0
Measurement time: 116412522
Measurement discrepancy: 0
Measurement time: 138171290
Measurement discrepancy: 0
Measurement time: 145008274
Measurement discrepancy: 0
Measurement time: 138435770
Measurement discrepancy: 0
Measurement time: 139026156
Measurement discrepancy: 0
Measurement time: 150376143
Measurement discrepancy: 0
Measurement time: 117407909
Measurement discrepancy: 0

=== T=4 S=LocalLog D=Normal V=10000 MIX=1:1:8 O=100000 W=3 M=20 ===
Warmup time: 329886676
Warmup discrepancy: 2
Warmup time: 274188523
Warmup discrepancy: 2
Warmup time: 228118542
Warmup discrepancy: 1
Measurement time: 178984056
Measurement discrepancy: 0
Measurement time: 193778303
Measurement discrepancy: 1
Measurement time: 165496515
Measurement discrepancy: 1
Measurement time: 193500228
Measurement discrepancy: 3
Measurement time: 149003887
Measurement discrepancy: 2
Measurement time: 179630627
Measurement discrepancy: 0
Measurement time: 171997205
Measurement discrepancy: 2
Measurement time: 155072085
Measurement discrepancy: 4
Measurement time: 154847127
Measurement discrepancy: 1
Measurement time: 129517996
Measurement discrepancy: 3
Measurement time: 224201927
Measurement discrepancy: 2
Measurement time: 196895377
Measurement discrepancy: 2
Measurement time: 186918517
Measurement discrepancy: 2
Measurement time: 166217422
Measurement discrepancy: 2
Measurement time: 189677315
Measurement discrepancy: 2
Measurement time: 204837862
Measurement discrepancy: 1
Measurement time: 173147388
Measurement discrepancy: 0
Measurement time: 185636429
Measurement discrepancy: 0
Measurement time: 126052807
Measurement discrepancy: 0
Measurement time: 137796695
Measurement discrepancy: 0

=== T=8 S=LocalLog D=Normal V=10000 MIX=1:1:8 O=100000 W=3 M=20 ===
Warmup time: 425512453
Warmup discrepancy: 7
Warmup time: 367289687
Warmup discrepancy: 3
Warmup time: 239180045
Warmup discrepancy: 8
Measurement time: 226916423
Measurement discrepancy: 8
Measurement time: 239907323
Measurement discrepancy: 8
Measurement time: 200265589
Measurement discrepancy: 6
Measurement time: 222932882
Measurement discrepancy: 4
Measurement time: 173681329
Measurement discrepancy: 3
Measurement time: 179989632
Measurement discrepancy: 8
Measurement time: 209775933
Measurement discrepancy: 4
Measurement time: 219328856
Measurement discrepancy: 6
Measurement time: 185929262
Measurement discrepancy: 2
Measurement time: 219002050
Measurement discrepancy: 8
Measurement time: 215200628
Measurement discrepancy: 1
Measurement time: 217623211
Measurement discrepancy: 7
Measurement time: 219262472
Measurement discrepancy: 5
Measurement time: 216509064
Measurement discrepancy: 4
Measurement time: 199285451
Measurement discrepancy: 5
Measurement time: 220222885
Measurement discrepancy: 3
Measurement time: 228751246
Measurement discrepancy: 7
Measurement time: 189699476
Measurement discrepancy: 6
Measurement time: 178697015
Measurement discrepancy: 2
Measurement time: 189078023
Measurement discrepancy: 4

=== T=1 S=LocalLog D=Normal V=10000 MIX=1:1:0 O=100000 W=3 M=20 ===
Warmup time: 172763977
Warmup discrepancy: 0
Warmup time: 117782664
Warmup discrepancy: 0
Warmup time: 131585292
Warmup discrepancy: 0
Measurement time: 95796384
Measurement discrepancy: 0
Measurement time: 124299214
Measurement discrepancy: 0
Measurement time: 96857543
Measurement discrepancy: 0
Measurement time: 102703980
Measurement discrepancy: 0
Measurement time: 102621858
Measurement discrepancy: 0
Measurement time: 107619549
Measurement discrepancy: 0
Measurement time: 101171527
Measurement discrepancy: 0
Measurement time: 104372575
Measurement discrepancy: 0
Measurement time: 99482242
Measurement discrepancy: 0
Measurement time: 98187199
Measurement discrepancy: 0
Measurement time: 100585400
Measurement discrepancy: 0
Measurement time: 99221589
Measurement discrepancy: 0
Measurement time: 76216810
Measurement discrepancy: 0
Measurement time: 96605365
Measurement discrepancy: 0
Measurement time: 88565399
Measurement discrepancy: 0
Measurement time: 98359349
Measurement discrepancy: 0
Measurement time: 96798354
Measurement discrepancy: 0
Measurement time: 75067037
Measurement discrepancy: 0
Measurement time: 86032210
Measurement discrepancy: 0
Measurement time: 97869801
Measurement discrepancy: 0

=== T=2 S=LocalLog D=Normal V=10000 MIX=1:1:0 O=100000 W=3 M=20 ===
Warmup time: 432286312
Warmup discrepancy: 0
Warmup time: 360282958
Warmup discrepancy: 0
Warmup time: 176065351
Warmup discrepancy: 0
Measurement time: 239761763
Measurement discrepancy: 2
Measurement time: 283469141
Measurement discrepancy: 0
Measurement time: 216786760
Measurement discrepancy: 0
Measurement time: 196587385
Measurement discrepancy: 2
Measurement time: 226201225
Measurement discrepancy: 2
Measurement time: 220514996
Measurement discrepancy: 0
Measurement time: 229483385
Measurement discrepancy: 0
Measurement time: 236623982
Measurement discrepancy: 2
Measurement time: 218649466
Measurement discrepancy: 0
Measurement time: 196079743
Measurement discrepancy: 2
Measurement time: 237631091
Measurement discrepancy: 2
Measurement time: 242499573
Measurement discrepancy: 2
Measurement time: 254086619
Measurement discrepancy: 2
Measurement time: 279028813
Measurement discrepancy: 2
Measurement time: 234814897
Measurement discrepancy: 0
Measurement time: 258087832
Measurement discrepancy: 2
Measurement time: 281491118
Measurement discrepancy: 0
Measurement time: 258982853
Measurement discrepancy: 0
Measurement time: 263944849
Measurement discrepancy: 0
Measurement time: 244312401
Measurement discrepancy: 2

=== T=4 S=LocalLog D=Normal V=10000 MIX=1:1:0 O=100000 W=3 M=20 ===
Warmup time: 643801473
Warmup discrepancy: 2
Warmup time: 371372591
Warmup discrepancy: 6
Warmup time: 330157843
Warmup discrepancy: 10
Measurement time: 301691792
Measurement discrepancy: 6
Measurement time: 322302728
Measurement discrepancy: 6
Measurement time: 298103885
Measurement discrepancy: 2
Measurement time: 309334263
Measurement discrepancy: 14
Measurement time: 341498697
Measurement discrepancy: 8
Measurement time: 383074725
Measurement discrepancy: 12
Measurement time: 348585667
Measurement discrepancy: 4
Measurement time: 336666280
Measurement discrepancy: 6
Measurement time: 317466062
Measurement discrepancy: 6
Measurement time: 336973199
Measurement discrepancy: 2
Measurement time: 348773997
Measurement discrepancy: 4
Measurement time: 319523992
Measurement discrepancy: 6
Measurement time: 331503710
Measurement discrepancy: 8
Measurement time: 340646586
Measurement discrepancy: 0
Measurement time: 362778473
Measurement discrepancy: 6
Measurement time: 317097869
Measurement discrepancy: 2
Measurement time: 326969087
Measurement discrepancy: 6
Measurement time: 304367027
Measurement discrepancy: 4
Measurement time: 296621674
Measurement discrepancy: 12
Measurement time: 315500385
Measurement discrepancy: 4

=== T=8 S=LocalLog D=Normal V=10000 MIX=1:1:0 O=100000 W=3 M=20 ===
Warmup time: 721509266
Warmup discrepancy: 44
Warmup time: 510198242
Warmup discrepancy: 44
Warmup time: 369231397
Warmup discrepancy: 26
Measurement time: 367912400
Measurement discrepancy: 30
Measurement time: 362192085
Measurement discrepancy: 24
Measurement time: 362283816
Measurement discrepancy: 14
Measurement time: 352190436
Measurement discrepancy: 16
Measurement time: 343364850
Measurement discrepancy: 38
Measurement time: 342476823
Measurement discrepancy: 30
Measurement time: 429723555
Measurement discrepancy: 36
Measurement time: 406241853
Measurement discrepancy: 22
Measurement time: 421646367
Measurement discrepancy: 14
Measurement time: 360450824
Measurement discrepancy: 36
Measurement time: 356790842
Measurement discrepancy: 18
Measurement time: 346630549
Measurement discrepancy: 34
Measurement time: 351538927
Measurement discrepancy: 26
Measurement time: 423818768
Measurement discrepancy: 30
Measurement time: 372984811
Measurement discrepancy: 32
Measurement time: 419379311
Measurement discrepancy: 36
Measurement time: 368262239
Measurement discrepancy: 12
Measurement time: 333520774
Measurement discrepancy: 22
Measurement time: 365523578
Measurement discrepancy: 18
Measurement time: 366894741
Measurement discrepancy: 32

