Unloading the cpe module is insufficient to restore the system defaults.
Please run 'source
/opt/cray/pe/cpe/24.11/restore_lmod_system_defaults.[csh|sh]'. 
 
Sourcing the above script is not necessary if swapping the cpe module with a
different version. 

The following have been reloaded with a version change:
  1) gcc-native/12.3 => gcc-native/13.2

Note: Main.java uses unchecked or unsafe operations.
Note: Recompile with -Xlint:unchecked for details.
=== T=1 S=Default D=Uniform V=100000 MIX=1:1:8 O=1000000 W=3 M=20 ===
Warmup time: 622006618
Warmup discrepancy: -1
Warmup time: 747687186
Warmup discrepancy: -1
Warmup time: 735065442
Warmup discrepancy: -1
Measurement time: 719666798
Measurement discrepancy: -1
Measurement time: 599862542
Measurement discrepancy: -1
Measurement time: 743344127
Measurement discrepancy: -1
Measurement time: 723474645
Measurement discrepancy: -1
Measurement time: 730105182
Measurement discrepancy: -1
Measurement time: 640792107
Measurement discrepancy: -1
Measurement time: 656430979
Measurement discrepancy: -1
Measurement time: 721872456
Measurement discrepancy: -1
Measurement time: 574135024
Measurement discrepancy: -1
Measurement time: 735634038
Measurement discrepancy: -1
Measurement time: 720562048
Measurement discrepancy: -1
Measurement time: 717650782
Measurement discrepancy: -1
Measurement time: 718847986
Measurement discrepancy: -1
Measurement time: 632770830
Measurement discrepancy: -1
Measurement time: 740586322
Measurement discrepancy: -1
Measurement time: 550974929
Measurement discrepancy: -1
Measurement time: 733050602
Measurement discrepancy: -1
Measurement time: 710045782
Measurement discrepancy: -1
Measurement time: 726985093
Measurement discrepancy: -1
Measurement time: 723494933
Measurement discrepancy: -1

=== T=2 S=Default D=Uniform V=100000 MIX=1:1:8 O=1000000 W=3 M=20 ===
Warmup time: 923750363
Warmup discrepancy: -1
Warmup time: 866110801
Warmup discrepancy: -1
Warmup time: 897460602
Warmup discrepancy: -1
Measurement time: 1037055035
Measurement discrepancy: -1
Measurement time: 952289459
Measurement discrepancy: -1
Measurement time: 852283163
Measurement discrepancy: -1
Measurement time: 751252010
Measurement discrepancy: -1
Measurement time: 1051986401
Measurement discrepancy: -1
Measurement time: 1015851210
Measurement discrepancy: -1
Measurement time: 853527366
Measurement discrepancy: -1
Measurement time: 811251616
Measurement discrepancy: -1
Measurement time: 1038353482
Measurement discrepancy: -1
Measurement time: 944722520
Measurement discrepancy: -1
Measurement time: 851636020
Measurement discrepancy: -1
Measurement time: 967321394
Measurement discrepancy: -1
Measurement time: 903465968
Measurement discrepancy: -1
Measurement time: 939749868
Measurement discrepancy: -1
Measurement time: 816886611
Measurement discrepancy: -1
Measurement time: 956906220
Measurement discrepancy: -1
Measurement time: 1005356245
Measurement discrepancy: -1
Measurement time: 781866300
Measurement discrepancy: -1
Measurement time: 1042610170
Measurement discrepancy: -1
Measurement time: 891996288
Measurement discrepancy: -1

=== T=4 S=Default D=Uniform V=100000 MIX=1:1:8 O=1000000 W=3 M=20 ===
Warmup time: 1131456954
Warmup discrepancy: -1
Warmup time: 1121845128
Warmup discrepancy: -1
Warmup time: 1120672842
Warmup discrepancy: -1
Measurement time: 1160411836
Measurement discrepancy: -1
Measurement time: 1037423533
Measurement discrepancy: -1
Measurement time: 1193703878
Measurement discrepancy: -1
Measurement time: 1021892504
Measurement discrepancy: -1
Measurement time: 1153355212
Measurement discrepancy: -1
Measurement time: 1020551970
Measurement discrepancy: -1
Measurement time: 1156108102
Measurement discrepancy: -1
Measurement time: 1038640113
Measurement discrepancy: -1
Measurement time: 1064267676
Measurement discrepancy: -1
Measurement time: 1191512029
Measurement discrepancy: -1
Measurement time: 1039348954
Measurement discrepancy: -1
Measurement time: 1181862137
Measurement discrepancy: -1
Measurement time: 1045831907
Measurement discrepancy: -1
Measurement time: 1069993066
Measurement discrepancy: -1
Measurement time: 1035257485
Measurement discrepancy: -1
Measurement time: 1139667349
Measurement discrepancy: -1
Measurement time: 1224918275
Measurement discrepancy: -1
Measurement time: 1057902908
Measurement discrepancy: -1
Measurement time: 1245232327
Measurement discrepancy: -1
Measurement time: 1053021294
Measurement discrepancy: -1

=== T=8 S=Default D=Uniform V=100000 MIX=1:1:8 O=1000000 W=3 M=20 ===
Warmup time: 1335682538
Warmup discrepancy: -1
Warmup time: 1313769912
Warmup discrepancy: -1
Warmup time: 1228966843
Warmup discrepancy: -1
Measurement time: 1315316509
Measurement discrepancy: -1
Measurement time: 1323179238
Measurement discrepancy: -1
Measurement time: 1409281223
Measurement discrepancy: -1
Measurement time: 1237877255
Measurement discrepancy: -1
Measurement time: 1263283227
Measurement discrepancy: -1
Measurement time: 1317212826
Measurement discrepancy: -1
Measurement time: 1370535947
Measurement discrepancy: -1
Measurement time: 1279295014
Measurement discrepancy: -1
Measurement time: 1263582884
Measurement discrepancy: -1
Measurement time: 1303406939
Measurement discrepancy: -1
Measurement time: 1321390516
Measurement discrepancy: -1
Measurement time: 1394766637
Measurement discrepancy: -1
Measurement time: 1237272211
Measurement discrepancy: -1
Measurement time: 1284016563
Measurement discrepancy: -1
Measurement time: 1302805091
Measurement discrepancy: -1
Measurement time: 1387739178
Measurement discrepancy: -1
Measurement time: 1249741190
Measurement discrepancy: -1
Measurement time: 1263831895
Measurement discrepancy: -1
Measurement time: 1324391951
Measurement discrepancy: -1
Measurement time: 1376571942
Measurement discrepancy: -1

=== T=16 S=Default D=Uniform V=100000 MIX=1:1:8 O=1000000 W=3 M=20 ===
Warmup time: 1764820434
Warmup discrepancy: -1
Warmup time: 1452635504
Warmup discrepancy: -1
Warmup time: 1308764030
Warmup discrepancy: -1
Measurement time: 1403143287
Measurement discrepancy: -1
Measurement time: 1350321493
Measurement discrepancy: -1
Measurement time: 1318397436
Measurement discrepancy: -1
Measurement time: 1611711010
Measurement discrepancy: -1
Measurement time: 1541264459
Measurement discrepancy: -1
Measurement time: 1291288164
Measurement discrepancy: -1
Measurement time: 1385511015
Measurement discrepancy: -1
Measurement time: 1337033466
Measurement discrepancy: -1
Measurement time: 1312519631
Measurement discrepancy: -1
Measurement time: 1372116549
Measurement discrepancy: -1
Measurement time: 1332952432
Measurement discrepancy: -1
Measurement time: 1492064065
Measurement discrepancy: -1
Measurement time: 1586773240
Measurement discrepancy: -1
Measurement time: 1570517035
Measurement discrepancy: -1
Measurement time: 1503678070
Measurement discrepancy: -1
Measurement time: 1558650481
Measurement discrepancy: -1
Measurement time: 1554404010
Measurement discrepancy: -1
Measurement time: 1482125798
Measurement discrepancy: -1
Measurement time: 1586684763
Measurement discrepancy: -1
Measurement time: 1548075300
Measurement discrepancy: -1

=== T=32 S=Default D=Uniform V=100000 MIX=1:1:8 O=1000000 W=3 M=20 ===
Warmup time: 2662379376
Warmup discrepancy: -1
Warmup time: 1682688418
Warmup discrepancy: -1
Warmup time: 1607533010
Warmup discrepancy: -1
Measurement time: 1831570607
Measurement discrepancy: -1
Measurement time: 1669657518
Measurement discrepancy: -1
Measurement time: 1642124529
Measurement discrepancy: -1
Measurement time: 1604050564
Measurement discrepancy: -1
Measurement time: 1642006576
Measurement discrepancy: -1
Measurement time: 1626015907
Measurement discrepancy: -1
Measurement time: 1577280519
Measurement discrepancy: -1
Measurement time: 1653575706
Measurement discrepancy: -1
Measurement time: 1604752281
Measurement discrepancy: -1
Measurement time: 1634466001
Measurement discrepancy: -1
Measurement time: 1623721107
Measurement discrepancy: -1
Measurement time: 1642817285
Measurement discrepancy: -1
Measurement time: 1640341864
Measurement discrepancy: -1
Measurement time: 1602787309
Measurement discrepancy: -1
Measurement time: 1701074392
Measurement discrepancy: -1
Measurement time: 1700093428
Measurement discrepancy: -1
Measurement time: 1650799491
Measurement discrepancy: -1
Measurement time: 1630590591
Measurement discrepancy: -1
Measurement time: 1587428241
Measurement discrepancy: -1
Measurement time: 1640550587
Measurement discrepancy: -1

=== T=48 S=Default D=Uniform V=100000 MIX=1:1:8 O=1000000 W=3 M=20 ===
Warmup time: 2467515012
Warmup discrepancy: -1
Warmup time: 1764900182
Warmup discrepancy: -1
Warmup time: 2413518452
Warmup discrepancy: -1
Measurement time: 2337886374
Measurement discrepancy: -1
Measurement time: 2337337857
Measurement discrepancy: -1
Measurement time: 2267171396
Measurement discrepancy: -1
Measurement time: 2223210004
Measurement discrepancy: -1
Measurement time: 2229773627
Measurement discrepancy: -1
Measurement time: 2257513611
Measurement discrepancy: -1
Measurement time: 2505967975
Measurement discrepancy: -1
Measurement time: 2242460160
Measurement discrepancy: -1
Measurement time: 2187292947
Measurement discrepancy: -1
Measurement time: 1940440381
Measurement discrepancy: -1
Measurement time: 2344398061
Measurement discrepancy: -1
Measurement time: 2345490465
Measurement discrepancy: -1
Measurement time: 2282039132
Measurement discrepancy: -1
Measurement time: 2475433782
Measurement discrepancy: -1
Measurement time: 2419364801
Measurement discrepancy: -1
Measurement time: 1977850951
Measurement discrepancy: -1
Measurement time: 2409609892
Measurement discrepancy: -1
Measurement time: 2282269387
Measurement discrepancy: -1
Measurement time: 2194504420
Measurement discrepancy: -1
Measurement time: 2662487761
Measurement discrepancy: -1

=== T=1 S=Default D=Uniform V=100000 MIX=1:1:0 O=1000000 W=3 M=20 ===
Warmup time: 1085772294
Warmup discrepancy: -1
Warmup time: 1089783009
Warmup discrepancy: -1
Warmup time: 1122696296
Warmup discrepancy: -1
Measurement time: 1112269958
Measurement discrepancy: -1
Measurement time: 1210787371
Measurement discrepancy: -1
Measurement time: 1166005466
Measurement discrepancy: -1
Measurement time: 1170804442
Measurement discrepancy: -1
Measurement time: 1111586976
Measurement discrepancy: -1
Measurement time: 1145587701
Measurement discrepancy: -1
Measurement time: 1145801745
Measurement discrepancy: -1
Measurement time: 1172260105
Measurement discrepancy: -1
Measurement time: 1193396650
Measurement discrepancy: -1
Measurement time: 1175249088
Measurement discrepancy: -1
Measurement time: 1195208266
Measurement discrepancy: -1
Measurement time: 1131851191
Measurement discrepancy: -1
Measurement time: 1133393789
Measurement discrepancy: -1
Measurement time: 1116584859
Measurement discrepancy: -1
Measurement time: 1162706036
Measurement discrepancy: -1
Measurement time: 1182037045
Measurement discrepancy: -1
Measurement time: 1184032591
Measurement discrepancy: -1
Measurement time: 1220532621
Measurement discrepancy: -1
Measurement time: 1152674243
Measurement discrepancy: -1
Measurement time: 1163003919
Measurement discrepancy: -1

=== T=2 S=Default D=Uniform V=100000 MIX=1:1:0 O=1000000 W=3 M=20 ===
Warmup time: 1458793896
Warmup discrepancy: -1
Warmup time: 1367289879
Warmup discrepancy: -1
Warmup time: 1365091530
Warmup discrepancy: -1
Measurement time: 1377025411
Measurement discrepancy: -1
Measurement time: 1395694008
Measurement discrepancy: -1
Measurement time: 1391713009
Measurement discrepancy: -1
Measurement time: 1330920965
Measurement discrepancy: -1
Measurement time: 1455118675
Measurement discrepancy: -1
Measurement time: 1343623880
Measurement discrepancy: -1
Measurement time: 1333411315
Measurement discrepancy: -1
Measurement time: 1377998862
Measurement discrepancy: -1
Measurement time: 1416606664
Measurement discrepancy: -1
Measurement time: 1360703097
Measurement discrepancy: -1
Measurement time: 1424919966
Measurement discrepancy: -1
Measurement time: 1426443197
Measurement discrepancy: -1
Measurement time: 1436341030
Measurement discrepancy: -1
Measurement time: 1464289174
Measurement discrepancy: -1
Measurement time: 1412772719
Measurement discrepancy: -1
Measurement time: 1407267756
Measurement discrepancy: -1
Measurement time: 1396670481
Measurement discrepancy: -1
Measurement time: 1383639342
Measurement discrepancy: -1
Measurement time: 1424404801
Measurement discrepancy: -1
Measurement time: 1419125125
Measurement discrepancy: -1

=== T=4 S=Default D=Uniform V=100000 MIX=1:1:0 O=1000000 W=3 M=20 ===
Warmup time: 1839795889
Warmup discrepancy: -1
Warmup time: 1632734374
Warmup discrepancy: -1
Warmup time: 1620039672
Warmup discrepancy: -1
Measurement time: 1573648922
Measurement discrepancy: -1
Measurement time: 1631113929
Measurement discrepancy: -1
Measurement time: 1591710657
Measurement discrepancy: -1
Measurement time: 1620821580
Measurement discrepancy: -1
Measurement time: 1619322425
Measurement discrepancy: -1
Measurement time: 1610214506
Measurement discrepancy: -1
Measurement time: 1647314252
Measurement discrepancy: -1
Measurement time: 1620147346
Measurement discrepancy: -1
Measurement time: 1666824727
Measurement discrepancy: -1
Measurement time: 1608399374
Measurement discrepancy: -1
Measurement time: 1575674213
Measurement discrepancy: -1
Measurement time: 1611141470
Measurement discrepancy: -1
Measurement time: 1571593214
Measurement discrepancy: -1
Measurement time: 1625425890
Measurement discrepancy: -1
Measurement time: 1565472055
Measurement discrepancy: -1
Measurement time: 1639888156
Measurement discrepancy: -1
Measurement time: 1608509051
Measurement discrepancy: -1
Measurement time: 1658230701
Measurement discrepancy: -1
Measurement time: 1505145606
Measurement discrepancy: -1
Measurement time: 1642488314
Measurement discrepancy: -1

=== T=8 S=Default D=Uniform V=100000 MIX=1:1:0 O=1000000 W=3 M=20 ===
Warmup time: 1933683470
Warmup discrepancy: -1
Warmup time: 1851550142
Warmup discrepancy: -1
Warmup time: 1756403667
Warmup discrepancy: -1
Measurement time: 1781017959
Measurement discrepancy: -1
Measurement time: 1789745446
Measurement discrepancy: -1
Measurement time: 1745297530
Measurement discrepancy: -1
Measurement time: 1764174157
Measurement discrepancy: -1
Measurement time: 1775328650
Measurement discrepancy: -1
Measurement time: 1793629230
Measurement discrepancy: -1
Measurement time: 1761833369
Measurement discrepancy: -1
Measurement time: 1760277636
Measurement discrepancy: -1
Measurement time: 1779144007
Measurement discrepancy: -1
Measurement time: 1792186631
Measurement discrepancy: -1
Measurement time: 1743971658
Measurement discrepancy: -1
Measurement time: 1771444120
Measurement discrepancy: -1
Measurement time: 1789894795
Measurement discrepancy: -1
Measurement time: 1766792912
Measurement discrepancy: -1
Measurement time: 1768138317
Measurement discrepancy: -1
Measurement time: 1786802786
Measurement discrepancy: -1
Measurement time: 1736121808
Measurement discrepancy: -1
Measurement time: 1746028239
Measurement discrepancy: -1
Measurement time: 1779821619
Measurement discrepancy: -1
Measurement time: 1833380280
Measurement discrepancy: -1

=== T=16 S=Default D=Uniform V=100000 MIX=1:1:0 O=1000000 W=3 M=20 ===
Warmup time: 2342594384
Warmup discrepancy: -1
Warmup time: 2326233762
Warmup discrepancy: -1
Warmup time: 2223250721
Warmup discrepancy: -1
Measurement time: 2185075602
Measurement discrepancy: -1
Measurement time: 2186651643
Measurement discrepancy: -1
Measurement time: 1956911655
Measurement discrepancy: -1
Measurement time: 1994595144
Measurement discrepancy: -1
Measurement time: 2023485819
Measurement discrepancy: -1
Measurement time: 1989586903
Measurement discrepancy: -1
Measurement time: 1959308784
Measurement discrepancy: -1
Measurement time: 1997819870
Measurement discrepancy: -1
Measurement time: 1988063387
Measurement discrepancy: -1
Measurement time: 1973187082
Measurement discrepancy: -1
Measurement time: 1964530670
Measurement discrepancy: -1
Measurement time: 2174795476
Measurement discrepancy: -1
Measurement time: 2163366160
Measurement discrepancy: -1
Measurement time: 2176701215
Measurement discrepancy: -1
Measurement time: 2169998154
Measurement discrepancy: -1
Measurement time: 2161792284
Measurement discrepancy: -1
Measurement time: 2208819495
Measurement discrepancy: -1
Measurement time: 2182724893
Measurement discrepancy: -1
Measurement time: 2157065084
Measurement discrepancy: -1
Measurement time: 1942955866
Measurement discrepancy: -1

=== T=32 S=Default D=Uniform V=100000 MIX=1:1:0 O=1000000 W=3 M=20 ===
Warmup time: 3175956789
Warmup discrepancy: -1
Warmup time: 3153262577
Warmup discrepancy: -1
Warmup time: 2592311731
Warmup discrepancy: -1
Measurement time: 2600744068
Measurement discrepancy: -1
Measurement time: 2604093002
Measurement discrepancy: -1
Measurement time: 2566827674
Measurement discrepancy: -1
Measurement time: 2605407929
Measurement discrepancy: -1
Measurement time: 2572028389
Measurement discrepancy: -1
Measurement time: 2525835035
Measurement discrepancy: -1
Measurement time: 2583784213
Measurement discrepancy: -1
Measurement time: 2597061093
Measurement discrepancy: -1
Measurement time: 2540967525
Measurement discrepancy: -1
Measurement time: 2582144331
Measurement discrepancy: -1
Measurement time: 2568093447
Measurement discrepancy: -1
Measurement time: 2594794246
Measurement discrepancy: -1
Measurement time: 2543286761
Measurement discrepancy: -1
Measurement time: 2542198182
Measurement discrepancy: -1
Measurement time: 2556543914
Measurement discrepancy: -1
Measurement time: 2710359874
Measurement discrepancy: -1
Measurement time: 2530262356
Measurement discrepancy: -1
Measurement time: 2550940524
Measurement discrepancy: -1
Measurement time: 2590355661
Measurement discrepancy: -1
Measurement time: 2577608773
Measurement discrepancy: -1

=== T=48 S=Default D=Uniform V=100000 MIX=1:1:0 O=1000000 W=3 M=20 ===
Warmup time: 3797766716
Warmup discrepancy: -1
Warmup time: 3241706566
Warmup discrepancy: -1
Warmup time: 3562552650
Warmup discrepancy: -1
Measurement time: 3353025627
Measurement discrepancy: -1
Measurement time: 3176830575
Measurement discrepancy: -1
Measurement time: 3141002582
Measurement discrepancy: -1
Measurement time: 3127863162
Measurement discrepancy: -1
Measurement time: 3015337529
Measurement discrepancy: -1
Measurement time: 2807860563
Measurement discrepancy: -1
Measurement time: 3190813310
Measurement discrepancy: -1
Measurement time: 3245635197
Measurement discrepancy: -1
Measurement time: 3351485754
Measurement discrepancy: -1
Measurement time: 3174592001
Measurement discrepancy: -1
Measurement time: 3115640054
Measurement discrepancy: -1
Measurement time: 3070895337
Measurement discrepancy: -1
Measurement time: 3341406491
Measurement discrepancy: -1
Measurement time: 3400945535
Measurement discrepancy: -1
Measurement time: 3443198863
Measurement discrepancy: -1
Measurement time: 3428715755
Measurement discrepancy: -1
Measurement time: 3202708036
Measurement discrepancy: -1
Measurement time: 3373729551
Measurement discrepancy: -1
Measurement time: 3424143950
Measurement discrepancy: -1
Measurement time: 3219280656
Measurement discrepancy: -1

=== T=1 S=Default D=Normal V=100000 MIX=1:1:8 O=1000000 W=3 M=20 ===
Warmup time: 631777321
Warmup discrepancy: -1
Warmup time: 626201958
Warmup discrepancy: -1
Warmup time: 579073724
Warmup discrepancy: -1
Measurement time: 604624463
Measurement discrepancy: -1
Measurement time: 614223325
Measurement discrepancy: -1
Measurement time: 611015238
Measurement discrepancy: -1
Measurement time: 611907546
Measurement discrepancy: -1
Measurement time: 605873364
Measurement discrepancy: -1
Measurement time: 616710168
Measurement discrepancy: -1
Measurement time: 610684112
Measurement discrepancy: -1
Measurement time: 611855437
Measurement discrepancy: -1
Measurement time: 585192776
Measurement discrepancy: -1
Measurement time: 594891287
Measurement discrepancy: -1
Measurement time: 604300791
Measurement discrepancy: -1
Measurement time: 597182680
Measurement discrepancy: -1
Measurement time: 600917132
Measurement discrepancy: -1
Measurement time: 599267263
Measurement discrepancy: -1
Measurement time: 603914660
Measurement discrepancy: -1
Measurement time: 601577070
Measurement discrepancy: -1
Measurement time: 604381854
Measurement discrepancy: -1
Measurement time: 586850431
Measurement discrepancy: -1
Measurement time: 602553266
Measurement discrepancy: -1
Measurement time: 609513048
Measurement discrepancy: -1

=== T=2 S=Default D=Normal V=100000 MIX=1:1:8 O=1000000 W=3 M=20 ===
Warmup time: 790846154
Warmup discrepancy: -1
Warmup time: 775655316
Warmup discrepancy: -1
Warmup time: 846753458
Warmup discrepancy: -1
Measurement time: 693656459
Measurement discrepancy: -1
Measurement time: 877230743
Measurement discrepancy: -1
Measurement time: 733194509
Measurement discrepancy: -1
Measurement time: 696007536
Measurement discrepancy: -1
Measurement time: 842270931
Measurement discrepancy: -1
Measurement time: 861020980
Measurement discrepancy: -1
Measurement time: 667230987
Measurement discrepancy: -1
Measurement time: 716373128
Measurement discrepancy: -1
Measurement time: 729976854
Measurement discrepancy: -1
Measurement time: 684294806
Measurement discrepancy: -1
Measurement time: 692870414
Measurement discrepancy: -1
Measurement time: 802850795
Measurement discrepancy: -1
Measurement time: 845614785
Measurement discrepancy: -1
Measurement time: 688433221
Measurement discrepancy: -1
Measurement time: 694308813
Measurement discrepancy: -1
Measurement time: 700755414
Measurement discrepancy: -1
Measurement time: 694584584
Measurement discrepancy: -1
Measurement time: 696722618
Measurement discrepancy: -1
Measurement time: 701340791
Measurement discrepancy: -1
Measurement time: 881127252
Measurement discrepancy: -1

=== T=4 S=Default D=Normal V=100000 MIX=1:1:8 O=1000000 W=3 M=20 ===
Warmup time: 1205610826
Warmup discrepancy: -1
Warmup time: 1123499487
Warmup discrepancy: -1
Warmup time: 903294121
Warmup discrepancy: -1
Measurement time: 1024508327
Measurement discrepancy: -1
Measurement time: 983622880
Measurement discrepancy: -1
Measurement time: 933316065
Measurement discrepancy: -1
Measurement time: 962365670
Measurement discrepancy: -1
Measurement time: 824312842
Measurement discrepancy: -1
Measurement time: 977260910
Measurement discrepancy: -1
Measurement time: 872090699
Measurement discrepancy: -1
Measurement time: 1003574977
Measurement discrepancy: -1
Measurement time: 941056185
Measurement discrepancy: -1
Measurement time: 1008349358
Measurement discrepancy: -1
Measurement time: 949524332
Measurement discrepancy: -1
Measurement time: 1026842766
Measurement discrepancy: -1
Measurement time: 977627464
Measurement discrepancy: -1
Measurement time: 802049030
Measurement discrepancy: -1
Measurement time: 965980095
Measurement discrepancy: -1
Measurement time: 852097246
Measurement discrepancy: -1
Measurement time: 973173560
Measurement discrepancy: -1
Measurement time: 994586208
Measurement discrepancy: -1
Measurement time: 1000480907
Measurement discrepancy: -1
Measurement time: 928861142
Measurement discrepancy: -1

=== T=8 S=Default D=Normal V=100000 MIX=1:1:8 O=1000000 W=3 M=20 ===
Warmup time: 1123408353
Warmup discrepancy: -1
Warmup time: 1101570500
Warmup discrepancy: -1
Warmup time: 1156149395
Warmup discrepancy: -1
Measurement time: 954671246
Measurement discrepancy: -1
Measurement time: 1094071146
Measurement discrepancy: -1
Measurement time: 998471937
Measurement discrepancy: -1
Measurement time: 1018155326
Measurement discrepancy: -1
Measurement time: 1052209292
Measurement discrepancy: -1
Measurement time: 995762112
Measurement discrepancy: -1
Measurement time: 1043854030
Measurement discrepancy: -1
Measurement time: 1061333429
Measurement discrepancy: -1
Measurement time: 1106831530
Measurement discrepancy: -1
Measurement time: 1110975296
Measurement discrepancy: -1
Measurement time: 1074038328
Measurement discrepancy: -1
Measurement time: 1058705929
Measurement discrepancy: -1
Measurement time: 1071696859
Measurement discrepancy: -1
Measurement time: 1073876351
Measurement discrepancy: -1
Measurement time: 1063000311
Measurement discrepancy: -1
Measurement time: 1083642913
Measurement discrepancy: -1
Measurement time: 1072641966
Measurement discrepancy: -1
Measurement time: 885968738
Measurement discrepancy: -1
Measurement time: 893161311
Measurement discrepancy: -1
Measurement time: 889745482
Measurement discrepancy: -1

=== T=16 S=Default D=Normal V=100000 MIX=1:1:8 O=1000000 W=3 M=20 ===
Warmup time: 1575169726
Warmup discrepancy: -1
Warmup time: 1090694860
Warmup discrepancy: -1
Warmup time: 1152583131
Warmup discrepancy: -1
Measurement time: 1227133930
Measurement discrepancy: -1
Measurement time: 1200231769
Measurement discrepancy: -1
Measurement time: 1177158060
Measurement discrepancy: -1
Measurement time: 1169321939
Measurement discrepancy: -1
Measurement time: 1209815516
Measurement discrepancy: -1
Measurement time: 1161460410
Measurement discrepancy: -1
Measurement time: 1194224418
Measurement discrepancy: -1
Measurement time: 1201161247
Measurement discrepancy: -1
Measurement time: 1175998026
Measurement discrepancy: -1
Measurement time: 1216417301
Measurement discrepancy: -1
Measurement time: 1106929826
Measurement discrepancy: -1
Measurement time: 1194990306
Measurement discrepancy: -1
Measurement time: 1157540698
Measurement discrepancy: -1
Measurement time: 1147145576
Measurement discrepancy: -1
Measurement time: 1143955944
Measurement discrepancy: -1
Measurement time: 1269135920
Measurement discrepancy: -1
Measurement time: 1142951183
Measurement discrepancy: -1
Measurement time: 1182156173
Measurement discrepancy: -1
Measurement time: 1166023571
Measurement discrepancy: -1
Measurement time: 1169081024
Measurement discrepancy: -1

=== T=32 S=Default D=Normal V=100000 MIX=1:1:8 O=1000000 W=3 M=20 ===
Warmup time: 1628579891
Warmup discrepancy: -1
Warmup time: 1494267124
Warmup discrepancy: -1
Warmup time: 1530447404
Warmup discrepancy: -1
Measurement time: 1425958092
Measurement discrepancy: -1
Measurement time: 1380379398
Measurement discrepancy: -1
Measurement time: 1330342213
Measurement discrepancy: -1
Measurement time: 1362576808
Measurement discrepancy: -1
Measurement time: 1399477890
Measurement discrepancy: -1
Measurement time: 1422371549
Measurement discrepancy: -1
Measurement time: 1375104653
Measurement discrepancy: -1
Measurement time: 1450786140
Measurement discrepancy: -1
Measurement time: 1339057937
Measurement discrepancy: -1
Measurement time: 1342555633
Measurement discrepancy: -1
Measurement time: 1351891168
Measurement discrepancy: -1
Measurement time: 1406534276
Measurement discrepancy: -1
Measurement time: 1499679302
Measurement discrepancy: -1
Measurement time: 1492281791
Measurement discrepancy: -1
Measurement time: 1547149683
Measurement discrepancy: -1
Measurement time: 1438146605
Measurement discrepancy: -1
Measurement time: 1333736061
Measurement discrepancy: -1
Measurement time: 1416156364
Measurement discrepancy: -1
Measurement time: 1348123953
Measurement discrepancy: -1
Measurement time: 1568174458
Measurement discrepancy: -1

=== T=48 S=Default D=Normal V=100000 MIX=1:1:8 O=1000000 W=3 M=20 ===
Warmup time: 1961886991
Warmup discrepancy: -1
Warmup time: 1989884002
Warmup discrepancy: -1
Warmup time: 1645739487
Warmup discrepancy: -1
Measurement time: 1871733582
Measurement discrepancy: -1
Measurement time: 1780165169
Measurement discrepancy: -1
Measurement time: 1650152163
Measurement discrepancy: -1
Measurement time: 1822861019
Measurement discrepancy: -1
Measurement time: 1688825847
Measurement discrepancy: -1
Measurement time: 1653323321
Measurement discrepancy: -1
Measurement time: 1917699939
Measurement discrepancy: -1
Measurement time: 1918455800
Measurement discrepancy: -1
Measurement time: 1650697234
Measurement discrepancy: -1
Measurement time: 1895866225
Measurement discrepancy: -1
Measurement time: 1809270765
Measurement discrepancy: -1
Measurement time: 1898406539
Measurement discrepancy: -1
Measurement time: 1919655318
Measurement discrepancy: -1
Measurement time: 1913734359
Measurement discrepancy: -1
Measurement time: 2135001063
Measurement discrepancy: -1
Measurement time: 1815481904
Measurement discrepancy: -1
Measurement time: 1664366729
Measurement discrepancy: -1
Measurement time: 1938608918
Measurement discrepancy: -1
Measurement time: 1822503715
Measurement discrepancy: -1
Measurement time: 1982029299
Measurement discrepancy: -1

=== T=1 S=Default D=Normal V=100000 MIX=1:1:0 O=1000000 W=3 M=20 ===
Warmup time: 960714201
Warmup discrepancy: -1
Warmup time: 920828906
Warmup discrepancy: -1
Warmup time: 911591645
Warmup discrepancy: -1
Measurement time: 905673373
Measurement discrepancy: -1
Measurement time: 896780273
Measurement discrepancy: -1
Measurement time: 902968606
Measurement discrepancy: -1
Measurement time: 896361079
Measurement discrepancy: -1
Measurement time: 900208467
Measurement discrepancy: -1
Measurement time: 912022480
Measurement discrepancy: -1
Measurement time: 890856560
Measurement discrepancy: -1
Measurement time: 899027112
Measurement discrepancy: -1
Measurement time: 890368656
Measurement discrepancy: -1
Measurement time: 904611284
Measurement discrepancy: -1
Measurement time: 894116885
Measurement discrepancy: -1
Measurement time: 892158261
Measurement discrepancy: -1
Measurement time: 896057996
Measurement discrepancy: -1
Measurement time: 905906433
Measurement discrepancy: -1
Measurement time: 893423985
Measurement discrepancy: -1
Measurement time: 901671444
Measurement discrepancy: -1
Measurement time: 897638395
Measurement discrepancy: -1
Measurement time: 897384495
Measurement discrepancy: -1
Measurement time: 903362292
Measurement discrepancy: -1
Measurement time: 905162746
Measurement discrepancy: -1

=== T=2 S=Default D=Normal V=100000 MIX=1:1:0 O=1000000 W=3 M=20 ===
Warmup time: 1234843066
Warmup discrepancy: -1
Warmup time: 1363488424
Warmup discrepancy: -1
Warmup time: 1160729374
Warmup discrepancy: -1
Measurement time: 1229374072
Measurement discrepancy: -1
Measurement time: 1193625169
Measurement discrepancy: -1
Measurement time: 1156446513
Measurement discrepancy: -1
Measurement time: 1212394428
Measurement discrepancy: -1
Measurement time: 1143418203
Measurement discrepancy: -1
Measurement time: 1284096128
Measurement discrepancy: -1
Measurement time: 1197789075
Measurement discrepancy: -1
Measurement time: 1187244031
Measurement discrepancy: -1
Measurement time: 1160597094
Measurement discrepancy: -1
Measurement time: 1163391037
Measurement discrepancy: -1
Measurement time: 1269875182
Measurement discrepancy: -1
Measurement time: 1201678300
Measurement discrepancy: -1
Measurement time: 1156467263
Measurement discrepancy: -1
Measurement time: 1153706822
Measurement discrepancy: -1
Measurement time: 1208260369
Measurement discrepancy: -1
Measurement time: 1132154669
Measurement discrepancy: -1
Measurement time: 1237394472
Measurement discrepancy: -1
Measurement time: 1221085756
Measurement discrepancy: -1
Measurement time: 1158745251
Measurement discrepancy: -1
Measurement time: 1161012708
Measurement discrepancy: -1

=== T=4 S=Default D=Normal V=100000 MIX=1:1:0 O=1000000 W=3 M=20 ===
Warmup time: 1621971697
Warmup discrepancy: -1
Warmup time: 1455105891
Warmup discrepancy: -1
Warmup time: 1496346480
Warmup discrepancy: -1
Measurement time: 1521227639
Measurement discrepancy: -1
Measurement time: 1591092535
Measurement discrepancy: -1
Measurement time: 1424313774
Measurement discrepancy: -1
Measurement time: 1458307849
Measurement discrepancy: -1
Measurement time: 1425903796
Measurement discrepancy: -1
Measurement time: 1411737512
Measurement discrepancy: -1
Measurement time: 1478304553
Measurement discrepancy: -1
Measurement time: 1453761423
Measurement discrepancy: -1
Measurement time: 1466748858
Measurement discrepancy: -1
Measurement time: 1434363645
Measurement discrepancy: -1
Measurement time: 1415928098
Measurement discrepancy: -1
Measurement time: 1440351200
Measurement discrepancy: -1
Measurement time: 1421434312
Measurement discrepancy: -1
Measurement time: 1438952034
Measurement discrepancy: -1
Measurement time: 1428754167
Measurement discrepancy: -1
Measurement time: 1403753781
Measurement discrepancy: -1
Measurement time: 1453826878
Measurement discrepancy: -1
Measurement time: 1441865614
Measurement discrepancy: -1
Measurement time: 1402542211
Measurement discrepancy: -1
Measurement time: 1443480288
Measurement discrepancy: -1

=== T=8 S=Default D=Normal V=100000 MIX=1:1:0 O=1000000 W=3 M=20 ===
Warmup time: 1925524140
Warmup discrepancy: -1
Warmup time: 1870599217
Warmup discrepancy: -1
Warmup time: 1750783675
Warmup discrepancy: -1
Measurement time: 1675766211
Measurement discrepancy: -1
Measurement time: 1679199003
Measurement discrepancy: -1
Measurement time: 1616553580
Measurement discrepancy: -1
Measurement time: 1660844068
Measurement discrepancy: -1
Measurement time: 1701139050
Measurement discrepancy: -1
Measurement time: 1654596171
Measurement discrepancy: -1
Measurement time: 1627813606
Measurement discrepancy: -1
Measurement time: 1629203314
Measurement discrepancy: -1
Measurement time: 1674089169
Measurement discrepancy: -1
Measurement time: 1680066193
Measurement discrepancy: -1
Measurement time: 1655669381
Measurement discrepancy: -1
Measurement time: 1622460321
Measurement discrepancy: -1
Measurement time: 1621694413
Measurement discrepancy: -1
Measurement time: 1650402109
Measurement discrepancy: -1
Measurement time: 1686874961
Measurement discrepancy: -1
Measurement time: 1625455506
Measurement discrepancy: -1
Measurement time: 1660764849
Measurement discrepancy: -1
Measurement time: 1653268219
Measurement discrepancy: -1
Measurement time: 1697903060
Measurement discrepancy: -1
Measurement time: 1666009468
Measurement discrepancy: -1

=== T=16 S=Default D=Normal V=100000 MIX=1:1:0 O=1000000 W=3 M=20 ===
Warmup time: 2263901091
Warmup discrepancy: -1
Warmup time: 2119834675
Warmup discrepancy: -1
Warmup time: 1965294369
Warmup discrepancy: -1
Measurement time: 1973822429
Measurement discrepancy: -1
Measurement time: 2005455063
Measurement discrepancy: -1
Measurement time: 2055771738
Measurement discrepancy: -1
Measurement time: 2028013271
Measurement discrepancy: -1
Measurement time: 2018462988
Measurement discrepancy: -1
Measurement time: 2019652097
Measurement discrepancy: -1
Measurement time: 1993931465
Measurement discrepancy: -1
Measurement time: 2047217888
Measurement discrepancy: -1
Measurement time: 1996290057
Measurement discrepancy: -1
Measurement time: 2006104040
Measurement discrepancy: -1
Measurement time: 1978200410
Measurement discrepancy: -1
Measurement time: 2031331579
Measurement discrepancy: -1
Measurement time: 1980920715
Measurement discrepancy: -1
Measurement time: 1882528034
Measurement discrepancy: -1
Measurement time: 2025511870
Measurement discrepancy: -1
Measurement time: 2020808844
Measurement discrepancy: -1
Measurement time: 1877137667
Measurement discrepancy: -1
Measurement time: 1989143400
Measurement discrepancy: -1
Measurement time: 2004654598
Measurement discrepancy: -1
Measurement time: 2018363078
Measurement discrepancy: -1

=== T=32 S=Default D=Normal V=100000 MIX=1:1:0 O=1000000 W=3 M=20 ===
Warmup time: 2723801962
Warmup discrepancy: -1
Warmup time: 2468112290
Warmup discrepancy: -1
Warmup time: 2443160353
Warmup discrepancy: -1
Measurement time: 2476778481
Measurement discrepancy: -1
Measurement time: 2471393175
Measurement discrepancy: -1
Measurement time: 2499574210
Measurement discrepancy: -1
Measurement time: 2397667411
Measurement discrepancy: -1
Measurement time: 2568543777
Measurement discrepancy: -1
Measurement time: 2601029919
Measurement discrepancy: -1
Measurement time: 2413369565
Measurement discrepancy: -1
Measurement time: 2469212510
Measurement discrepancy: -1
Measurement time: 2647773235
Measurement discrepancy: -1
Measurement time: 2740415553
Measurement discrepancy: -1
Measurement time: 2426886613
Measurement discrepancy: -1
Measurement time: 2432665826
Measurement discrepancy: -1
Measurement time: 2474087832
Measurement discrepancy: -1
Measurement time: 2580447970
Measurement discrepancy: -1
Measurement time: 2723653676
Measurement discrepancy: -1
Measurement time: 2487345531
Measurement discrepancy: -1
Measurement time: 2798162731
Measurement discrepancy: -1
Measurement time: 2808506006
Measurement discrepancy: -1
Measurement time: 2552617704
Measurement discrepancy: -1
Measurement time: 2495622830
Measurement discrepancy: -1

=== T=48 S=Default D=Normal V=100000 MIX=1:1:0 O=1000000 W=3 M=20 ===
Warmup time: 3179799536
Warmup discrepancy: -1
Warmup time: 3078624899
Warmup discrepancy: -1
Warmup time: 2897691945
Warmup discrepancy: -1
Measurement time: 3144821680
Measurement discrepancy: -1
Measurement time: 2900273169
Measurement discrepancy: -1
Measurement time: 3081661092
Measurement discrepancy: -1
Measurement time: 3109260049
Measurement discrepancy: -1
Measurement time: 3197090555
Measurement discrepancy: -1
Measurement time: 2966152539
Measurement discrepancy: -1
Measurement time: 3151522090
Measurement discrepancy: -1
Measurement time: 3181060249
Measurement discrepancy: -1
Measurement time: 2868363758
Measurement discrepancy: -1
Measurement time: 3049967057
Measurement discrepancy: -1
Measurement time: 2905125490
Measurement discrepancy: -1
Measurement time: 3117091177
Measurement discrepancy: -1
Measurement time: 3043791045
Measurement discrepancy: -1
Measurement time: 2785188178
Measurement discrepancy: -1
Measurement time: 3214042292
Measurement discrepancy: -1
Measurement time: 3116515277
Measurement discrepancy: -1
Measurement time: 3289418791
Measurement discrepancy: -1
Measurement time: 3004543101
Measurement discrepancy: -1
Measurement time: 2984866123
Measurement discrepancy: -1
Measurement time: 3298612991
Measurement discrepancy: -1

