Note: Main.java uses unchecked or unsafe operations.
Note: Recompile with -Xlint:unchecked for details.
=== T=1 S=LocalLog D=Uniform V=100000 MIX=1:1:8 O=1000000 W=3 M=20 ===
Warmup time: 1137294891
Warmup discrepancy: 0
Warmup time: 1315934252
Warmup discrepancy: 0
Warmup time: 1129834292
Warmup discrepancy: 0
Measurement time: 1217964189
Measurement discrepancy: 0
Measurement time: 1189829231
Measurement discrepancy: 0
Measurement time: 1171324608
Measurement discrepancy: 0
Measurement time: 1108127156
Measurement discrepancy: 0
Measurement time: 1185188723
Measurement discrepancy: 0
Measurement time: 1177353075
Measurement discrepancy: 0
Measurement time: 1193556410
Measurement discrepancy: 0
Measurement time: 1194534904
Measurement discrepancy: 0
Measurement time: 1179713656
Measurement discrepancy: 0
Measurement time: 1187995919
Measurement discrepancy: 0
Measurement time: 1181957865
Measurement discrepancy: 0
Measurement time: 1184646754
Measurement discrepancy: 0
Measurement time: 1186837751
Measurement discrepancy: 0
Measurement time: 1190921593
Measurement discrepancy: 0
Measurement time: 1193646732
Measurement discrepancy: 0
Measurement time: 1174318072
Measurement discrepancy: 0
Measurement time: 1181169916
Measurement discrepancy: 0
Measurement time: 1188699296
Measurement discrepancy: 0
Measurement time: 1185210996
Measurement discrepancy: 0
Measurement time: 1188611939
Measurement discrepancy: 0

=== T=2 S=LocalLog D=Uniform V=100000 MIX=1:1:8 O=1000000 W=3 M=20 ===
Warmup time: 1439349000
Warmup discrepancy: 0
Warmup time: 1478150758
Warmup discrepancy: 0
Warmup time: 1852959656
Warmup discrepancy: 0
Measurement time: 1609947821
Measurement discrepancy: 0
Measurement time: 1547010929
Measurement discrepancy: 0
Measurement time: 1386773779
Measurement discrepancy: 0
Measurement time: 1406672933
Measurement discrepancy: 0
Measurement time: 1444591479
Measurement discrepancy: 0
Measurement time: 1397124384
Measurement discrepancy: 0
Measurement time: 1471919491
Measurement discrepancy: 0
Measurement time: 1609148361
Measurement discrepancy: 0
Measurement time: 1755237890
Measurement discrepancy: 0
Measurement time: 1871080718
Measurement discrepancy: 0
Measurement time: 1526209786
Measurement discrepancy: 0
Measurement time: 1412628369
Measurement discrepancy: 0
Measurement time: 1413782310
Measurement discrepancy: 0
Measurement time: 1514495980
Measurement discrepancy: 0
Measurement time: 1494156001
Measurement discrepancy: 0
Measurement time: 1675850928
Measurement discrepancy: 2
Measurement time: 1538269313
Measurement discrepancy: 0
Measurement time: 1407493054
Measurement discrepancy: 1
Measurement time: 1422144596
Measurement discrepancy: 0
Measurement time: 1691077883
Measurement discrepancy: 0

=== T=4 S=LocalLog D=Uniform V=100000 MIX=1:1:8 O=1000000 W=3 M=20 ===
Warmup time: 1751927390
Warmup discrepancy: 0
Warmup time: 1904570922
Warmup discrepancy: 0
Warmup time: 1697863109
Warmup discrepancy: 1
Measurement time: 1761074519
Measurement discrepancy: 0
Measurement time: 1865312419
Measurement discrepancy: 0
Measurement time: 1909151946
Measurement discrepancy: 0
Measurement time: 1682130446
Measurement discrepancy: 1
Measurement time: 1879800228
Measurement discrepancy: 1
Measurement time: 1641869662
Measurement discrepancy: 0
Measurement time: 1869084042
Measurement discrepancy: 0
Measurement time: 1666188691
Measurement discrepancy: 0
Measurement time: 1997553561
Measurement discrepancy: 0
Measurement time: 1802724092
Measurement discrepancy: 1
Measurement time: 1687955602
Measurement discrepancy: 0
Measurement time: 2036702546
Measurement discrepancy: 1
Measurement time: 1863960879
Measurement discrepancy: 0
Measurement time: 1715755778
Measurement discrepancy: 1
Measurement time: 1993539214
Measurement discrepancy: 0
Measurement time: 2070005151
Measurement discrepancy: 1
Measurement time: 1751391542
Measurement discrepancy: 0
Measurement time: 1777183974
Measurement discrepancy: 0
Measurement time: 1970520065
Measurement discrepancy: 0
Measurement time: 1938058009
Measurement discrepancy: 0

=== T=8 S=LocalLog D=Uniform V=100000 MIX=1:1:8 O=1000000 W=3 M=20 ===
Warmup time: 2364335269
Warmup discrepancy: 5
Warmup time: 2045363073
Warmup discrepancy: 2
Warmup time: 1962074268
Warmup discrepancy: 1
Measurement time: 1871132887
Measurement discrepancy: 3
Measurement time: 1959561546
Measurement discrepancy: 3
Measurement time: 1990496186
Measurement discrepancy: 1
Measurement time: 1988543466
Measurement discrepancy: 1
Measurement time: 1884298833
Measurement discrepancy: 2
Measurement time: 2060062327
Measurement discrepancy: 1
Measurement time: 2027089774
Measurement discrepancy: 4
Measurement time: 1878317805
Measurement discrepancy: 0
Measurement time: 1979665538
Measurement discrepancy: 1
Measurement time: 2034820525
Measurement discrepancy: 2
Measurement time: 2087752693
Measurement discrepancy: 0
Measurement time: 1949663424
Measurement discrepancy: 5
Measurement time: 2079705484
Measurement discrepancy: 3
Measurement time: 2060541846
Measurement discrepancy: 1
Measurement time: 1956743980
Measurement discrepancy: 2
Measurement time: 1984036072
Measurement discrepancy: 3
Measurement time: 1997207137
Measurement discrepancy: 2
Measurement time: 1830409583
Measurement discrepancy: 3
Measurement time: 2044366164
Measurement discrepancy: 2
Measurement time: 1852661739
Measurement discrepancy: 2

=== T=16 S=LocalLog D=Uniform V=100000 MIX=1:1:8 O=1000000 W=3 M=20 ===
Warmup time: 2321019415
Warmup discrepancy: 6
Warmup time: 2074725599
Warmup discrepancy: 13
Warmup time: 2069640821
Warmup discrepancy: 7
Measurement time: 2040171448
Measurement discrepancy: 15
Measurement time: 1948061289
Measurement discrepancy: 7
Measurement time: 2037701140
Measurement discrepancy: 7
Measurement time: 2020623855
Measurement discrepancy: 8
Measurement time: 1990161807
Measurement discrepancy: 6
Measurement time: 2045879850
Measurement discrepancy: 7
Measurement time: 2009426784
Measurement discrepancy: 6
Measurement time: 1986100476
Measurement discrepancy: 11
Measurement time: 2011678337
Measurement discrepancy: 6
Measurement time: 1964876867
Measurement discrepancy: 11
Measurement time: 1897204944
Measurement discrepancy: 4
Measurement time: 1905092744
Measurement discrepancy: 6
Measurement time: 2048374618
Measurement discrepancy: 12
Measurement time: 2028936029
Measurement discrepancy: 13
Measurement time: 2048199967
Measurement discrepancy: 9
Measurement time: 2107155669
Measurement discrepancy: 10
Measurement time: 1981885882
Measurement discrepancy: 12
Measurement time: 2065288693
Measurement discrepancy: 8
Measurement time: 2030478793
Measurement discrepancy: 9
Measurement time: 2060201110
Measurement discrepancy: 11

=== T=32 S=LocalLog D=Uniform V=100000 MIX=1:1:8 O=1000000 W=3 M=20 ===
Warmup time: 2754790334
Warmup discrepancy: 38
Warmup time: 2338667262
Warmup discrepancy: 31
Warmup time: 2188854424
Warmup discrepancy: 34
Measurement time: 2378736168
Measurement discrepancy: 32
Measurement time: 2324946662
Measurement discrepancy: 29
Measurement time: 2184729813
Measurement discrepancy: 32
Measurement time: 2262307936
Measurement discrepancy: 30
Measurement time: 2386805438
Measurement discrepancy: 34
Measurement time: 2264876479
Measurement discrepancy: 27
Measurement time: 2037649470
Measurement discrepancy: 33
Measurement time: 2291747313
Measurement discrepancy: 31
Measurement time: 2211435727
Measurement discrepancy: 37
Measurement time: 2367815860
Measurement discrepancy: 36
Measurement time: 2127988545
Measurement discrepancy: 39
Measurement time: 2169506778
Measurement discrepancy: 40
Measurement time: 2276063729
Measurement discrepancy: 44
Measurement time: 2222603741
Measurement discrepancy: 26
Measurement time: 2226013694
Measurement discrepancy: 29
Measurement time: 2101899382
Measurement discrepancy: 38
Measurement time: 2287000373
Measurement discrepancy: 33
Measurement time: 2211683831
Measurement discrepancy: 34
Measurement time: 2250811407
Measurement discrepancy: 39
Measurement time: 2184343096
Measurement discrepancy: 40

=== T=48 S=LocalLog D=Uniform V=100000 MIX=1:1:8 O=1000000 W=3 M=20 ===
Warmup time: 3326231681
Warmup discrepancy: 85
Warmup time: 2744260616
Warmup discrepancy: 58
Warmup time: 2693137865
Warmup discrepancy: 60
Measurement time: 2773811549
Measurement discrepancy: 72
Measurement time: 2697809545
Measurement discrepancy: 87
Measurement time: 2814012305
Measurement discrepancy: 69
Measurement time: 2913759561
Measurement discrepancy: 67
Measurement time: 2664086550
Measurement discrepancy: 72
Measurement time: 2887686881
Measurement discrepancy: 86
Measurement time: 2714306393
Measurement discrepancy: 82
Measurement time: 2690795205
Measurement discrepancy: 80
Measurement time: 2838995838
Measurement discrepancy: 50
Measurement time: 2809063950
Measurement discrepancy: 72
Measurement time: 2871987296
Measurement discrepancy: 83
Measurement time: 2865477955
Measurement discrepancy: 80
Measurement time: 2736878307
Measurement discrepancy: 57
Measurement time: 2885850148
Measurement discrepancy: 61
Measurement time: 2925376151
Measurement discrepancy: 59
Measurement time: 2685071795
Measurement discrepancy: 70
Measurement time: 2788439793
Measurement discrepancy: 76
Measurement time: 2828368422
Measurement discrepancy: 82
Measurement time: 2873018983
Measurement discrepancy: 72
Measurement time: 2934949243
Measurement discrepancy: 69

=== T=1 S=LocalLog D=Uniform V=100000 MIX=1:1:0 O=1000000 W=3 M=20 ===
Warmup time: 1368816862
Warmup discrepancy: 0
Warmup time: 1439322922
Warmup discrepancy: 0
Warmup time: 1370008024
Warmup discrepancy: 0
Measurement time: 1369583741
Measurement discrepancy: 0
Measurement time: 1365032060
Measurement discrepancy: 0
Measurement time: 1373704406
Measurement discrepancy: 0
Measurement time: 1378273349
Measurement discrepancy: 0
Measurement time: 1380178039
Measurement discrepancy: 0
Measurement time: 1367332368
Measurement discrepancy: 0
Measurement time: 1344848462
Measurement discrepancy: 0
Measurement time: 1322686202
Measurement discrepancy: 0
Measurement time: 1168248090
Measurement discrepancy: 0
Measurement time: 1315281726
Measurement discrepancy: 0
Measurement time: 1323539903
Measurement discrepancy: 0
Measurement time: 1313784572
Measurement discrepancy: 0
Measurement time: 1108558720
Measurement discrepancy: 0
Measurement time: 1317791543
Measurement discrepancy: 0
Measurement time: 1320610197
Measurement discrepancy: 0
Measurement time: 1327144864
Measurement discrepancy: 0
Measurement time: 1315452489
Measurement discrepancy: 0
Measurement time: 1322538183
Measurement discrepancy: 0
Measurement time: 1321975273
Measurement discrepancy: 0
Measurement time: 1314239804
Measurement discrepancy: 0

=== T=2 S=LocalLog D=Uniform V=100000 MIX=1:1:0 O=1000000 W=3 M=20 ===
Warmup time: 1817433359
Warmup discrepancy: 0
Warmup time: 1663940815
Warmup discrepancy: 0
Warmup time: 1694747763
Warmup discrepancy: 0
Measurement time: 1719432405
Measurement discrepancy: 0
Measurement time: 1566125566
Measurement discrepancy: 0
Measurement time: 1928520666
Measurement discrepancy: 0
Measurement time: 1645050904
Measurement discrepancy: 0
Measurement time: 1710675394
Measurement discrepancy: 0
Measurement time: 1548041057
Measurement discrepancy: 0
Measurement time: 1582457381
Measurement discrepancy: 0
Measurement time: 1896856819
Measurement discrepancy: 0
Measurement time: 1842689000
Measurement discrepancy: 0
Measurement time: 1776118427
Measurement discrepancy: 0
Measurement time: 1796250481
Measurement discrepancy: 0
Measurement time: 1771183652
Measurement discrepancy: 0
Measurement time: 1773589121
Measurement discrepancy: 0
Measurement time: 1846054359
Measurement discrepancy: 0
Measurement time: 1849198522
Measurement discrepancy: 2
Measurement time: 1733494827
Measurement discrepancy: 0
Measurement time: 1665656074
Measurement discrepancy: 0
Measurement time: 1712800056
Measurement discrepancy: 0
Measurement time: 1634272215
Measurement discrepancy: 0
Measurement time: 1562554590
Measurement discrepancy: 0

=== T=4 S=LocalLog D=Uniform V=100000 MIX=1:1:0 O=1000000 W=3 M=20 ===
Warmup time: 2256057614
Warmup discrepancy: 8
Warmup time: 2122732550
Warmup discrepancy: 2
Warmup time: 2125236458
Warmup discrepancy: 2
Measurement time: 2060244297
Measurement discrepancy: 0
Measurement time: 2013283048
Measurement discrepancy: 0
Measurement time: 2043520490
Measurement discrepancy: 0
Measurement time: 2109424138
Measurement discrepancy: 2
Measurement time: 2198371503
Measurement discrepancy: 0
Measurement time: 2058294632
Measurement discrepancy: 2
Measurement time: 2048888627
Measurement discrepancy: 0
Measurement time: 2195802289
Measurement discrepancy: 0
Measurement time: 1997768828
Measurement discrepancy: 4
Measurement time: 2105973976
Measurement discrepancy: 0
Measurement time: 1937742192
Measurement discrepancy: 2
Measurement time: 2118863425
Measurement discrepancy: 0
Measurement time: 2057937155
Measurement discrepancy: 6
Measurement time: 2149849672
Measurement discrepancy: 4
Measurement time: 2047321313
Measurement discrepancy: 4
Measurement time: 2181545149
Measurement discrepancy: 0
Measurement time: 2083060749
Measurement discrepancy: 0
Measurement time: 1911086954
Measurement discrepancy: 4
Measurement time: 2028864575
Measurement discrepancy: 0
Measurement time: 1882971196
Measurement discrepancy: 4

=== T=8 S=LocalLog D=Uniform V=100000 MIX=1:1:0 O=1000000 W=3 M=20 ===
Warmup time: 2387483971
Warmup discrepancy: 12
Warmup time: 2270691251
Warmup discrepancy: 2
Warmup time: 2046337715
Warmup discrepancy: 8
Measurement time: 2222513136
Measurement discrepancy: 4
Measurement time: 2261746586
Measurement discrepancy: 12
Measurement time: 2313511411
Measurement discrepancy: 8
Measurement time: 2130504265
Measurement discrepancy: 2
Measurement time: 2275547503
Measurement discrepancy: 12
Measurement time: 2355642294
Measurement discrepancy: 12
Measurement time: 2256317132
Measurement discrepancy: 14
Measurement time: 2220380820
Measurement discrepancy: 10
Measurement time: 2259725434
Measurement discrepancy: 8
Measurement time: 2331161493
Measurement discrepancy: 12
Measurement time: 2256120806
Measurement discrepancy: 8
Measurement time: 2174651833
Measurement discrepancy: 14
Measurement time: 2283643105
Measurement discrepancy: 2
Measurement time: 2235307088
Measurement discrepancy: 2
Measurement time: 2234828792
Measurement discrepancy: 14
Measurement time: 2151279119
Measurement discrepancy: 6
Measurement time: 2329369539
Measurement discrepancy: 4
Measurement time: 2213385145
Measurement discrepancy: 8
Measurement time: 2312852655
Measurement discrepancy: 10
Measurement time: 2214593691
Measurement discrepancy: 6

=== T=16 S=LocalLog D=Uniform V=100000 MIX=1:1:0 O=1000000 W=3 M=20 ===
Warmup time: 2725426474
Warmup discrepancy: 34
Warmup time: 2564561356
Warmup discrepancy: 32
Warmup time: 2426745932
Warmup discrepancy: 32
Measurement time: 2306126969
Measurement discrepancy: 32
Measurement time: 2368820230
Measurement discrepancy: 38
Measurement time: 2315097863
Measurement discrepancy: 44
Measurement time: 2455993496
Measurement discrepancy: 30
Measurement time: 2446304108
Measurement discrepancy: 40
Measurement time: 2391566416
Measurement discrepancy: 36
Measurement time: 2415273019
Measurement discrepancy: 24
Measurement time: 2669305227
Measurement discrepancy: 30
Measurement time: 2615096308
Measurement discrepancy: 38
Measurement time: 2339315108
Measurement discrepancy: 38
Measurement time: 2600419702
Measurement discrepancy: 30
Measurement time: 2597498263
Measurement discrepancy: 44
Measurement time: 2600437866
Measurement discrepancy: 34
Measurement time: 2558821420
Measurement discrepancy: 44
Measurement time: 2568242004
Measurement discrepancy: 38
Measurement time: 2533739473
Measurement discrepancy: 26
Measurement time: 2400447100
Measurement discrepancy: 28
Measurement time: 2435043229
Measurement discrepancy: 22
Measurement time: 2244649394
Measurement discrepancy: 36
Measurement time: 2545642758
Measurement discrepancy: 36

=== T=32 S=LocalLog D=Uniform V=100000 MIX=1:1:0 O=1000000 W=3 M=20 ===
Warmup time: 3379381709
Warmup discrepancy: 154
Warmup time: 2691547526
Warmup discrepancy: 160
Warmup time: 2778868093
Warmup discrepancy: 160
Measurement time: 2729665022
Measurement discrepancy: 166
Measurement time: 2631085990
Measurement discrepancy: 210
Measurement time: 2789555967
Measurement discrepancy: 138
Measurement time: 2918356782
Measurement discrepancy: 168
Measurement time: 2803079691
Measurement discrepancy: 148
Measurement time: 2759474836
Measurement discrepancy: 206
Measurement time: 3071740213
Measurement discrepancy: 148
Measurement time: 2953720836
Measurement discrepancy: 154
Measurement time: 2821453097
Measurement discrepancy: 136
Measurement time: 2914374382
Measurement discrepancy: 158
Measurement time: 3023502022
Measurement discrepancy: 166
Measurement time: 2885472578
Measurement discrepancy: 154
Measurement time: 3080552617
Measurement discrepancy: 176
Measurement time: 2927859854
Measurement discrepancy: 188
Measurement time: 2871362640
Measurement discrepancy: 144
Measurement time: 3233172660
Measurement discrepancy: 162
Measurement time: 3005315772
Measurement discrepancy: 182
Measurement time: 2813969166
Measurement discrepancy: 138
Measurement time: 2922901955
Measurement discrepancy: 150
Measurement time: 3062361810
Measurement discrepancy: 158

=== T=48 S=LocalLog D=Uniform V=100000 MIX=1:1:0 O=1000000 W=3 M=20 ===
Warmup time: 4318516873
Warmup discrepancy: 310
Warmup time: 3780952839
Warmup discrepancy: 338
Warmup time: 3855243615
Warmup discrepancy: 310
Measurement time: 3805373296
Measurement discrepancy: 348
Measurement time: 3858302683
Measurement discrepancy: 350
Measurement time: 3845170523
Measurement discrepancy: 318
Measurement time: 3931726320
Measurement discrepancy: 306
Measurement time: 3614583815
Measurement discrepancy: 320
Measurement time: 3774981166
Measurement discrepancy: 326
Measurement time: 3704601226
Measurement discrepancy: 362
Measurement time: 3689993204
Measurement discrepancy: 320
Measurement time: 3743027537
Measurement discrepancy: 318
Measurement time: 3778302660
Measurement discrepancy: 270
Measurement time: 3678519299
Measurement discrepancy: 344
Measurement time: 3831468848
Measurement discrepancy: 276
Measurement time: 3674214200
Measurement discrepancy: 326
Measurement time: 3744170884
Measurement discrepancy: 350
Measurement time: 3923319135
Measurement discrepancy: 288
Measurement time: 3627526298
Measurement discrepancy: 302
Measurement time: 3643313554
Measurement discrepancy: 280
Measurement time: 3656986198
Measurement discrepancy: 322
Measurement time: 3619071850
Measurement discrepancy: 308
Measurement time: 3699922009
Measurement discrepancy: 356

=== T=1 S=LocalLog D=Normal V=100000 MIX=1:1:8 O=1000000 W=3 M=20 ===
Warmup time: 1206926790
Warmup discrepancy: 0
Warmup time: 1056719648
Warmup discrepancy: 0
Warmup time: 1108453562
Warmup discrepancy: 0
Measurement time: 1259183826
Measurement discrepancy: 0
Measurement time: 1036265052
Measurement discrepancy: 0
Measurement time: 1051342344
Measurement discrepancy: 0
Measurement time: 1026199214
Measurement discrepancy: 0
Measurement time: 1025271897
Measurement discrepancy: 0
Measurement time: 1030849796
Measurement discrepancy: 0
Measurement time: 1036882827
Measurement discrepancy: 0
Measurement time: 1043188620
Measurement discrepancy: 0
Measurement time: 1052942941
Measurement discrepancy: 0
Measurement time: 1031593010
Measurement discrepancy: 0
Measurement time: 1058439704
Measurement discrepancy: 0
Measurement time: 1028089627
Measurement discrepancy: 0
Measurement time: 1028094276
Measurement discrepancy: 0
Measurement time: 1036453664
Measurement discrepancy: 0
Measurement time: 1035753422
Measurement discrepancy: 0
Measurement time: 1036503600
Measurement discrepancy: 0
Measurement time: 1031212119
Measurement discrepancy: 0
Measurement time: 1038901064
Measurement discrepancy: 0
Measurement time: 1034783914
Measurement discrepancy: 0
Measurement time: 1032019678
Measurement discrepancy: 0

=== T=2 S=LocalLog D=Normal V=100000 MIX=1:1:8 O=1000000 W=3 M=20 ===
Warmup time: 1456974759
Warmup discrepancy: 0
Warmup time: 1366714009
Warmup discrepancy: 0
Warmup time: 1314180011
Warmup discrepancy: 0
Measurement time: 1536335743
Measurement discrepancy: 0
Measurement time: 1321672659
Measurement discrepancy: 0
Measurement time: 1336854841
Measurement discrepancy: 0
Measurement time: 1378731677
Measurement discrepancy: 1
Measurement time: 1433597012
Measurement discrepancy: 0
Measurement time: 1346512037
Measurement discrepancy: 0
Measurement time: 1382585883
Measurement discrepancy: 0
Measurement time: 1318052853
Measurement discrepancy: 0
Measurement time: 1123885935
Measurement discrepancy: 1
Measurement time: 1158738880
Measurement discrepancy: 1
Measurement time: 1306091663
Measurement discrepancy: 0
Measurement time: 1433127031
Measurement discrepancy: 2
Measurement time: 1625993478
Measurement discrepancy: 0
Measurement time: 1147015566
Measurement discrepancy: 0
Measurement time: 1150077414
Measurement discrepancy: 0
Measurement time: 1301822993
Measurement discrepancy: 0
Measurement time: 1524331931
Measurement discrepancy: 0
Measurement time: 1294949907
Measurement discrepancy: 2
Measurement time: 1298178495
Measurement discrepancy: 0
Measurement time: 1224060266
Measurement discrepancy: 0

=== T=4 S=LocalLog D=Normal V=100000 MIX=1:1:8 O=1000000 W=3 M=20 ===
Warmup time: 1687931663
Warmup discrepancy: 1
Warmup time: 1553886949
Warmup discrepancy: 0
Warmup time: 1518292762
Warmup discrepancy: 1
Measurement time: 1598180607
Measurement discrepancy: 0
Measurement time: 1654707056
Measurement discrepancy: 2
Measurement time: 1640771402
Measurement discrepancy: 2
Measurement time: 1500980847
Measurement discrepancy: 3
Measurement time: 1608289307
Measurement discrepancy: 1
Measurement time: 1550958918
Measurement discrepancy: 1
Measurement time: 1676180044
Measurement discrepancy: 2
Measurement time: 1621764239
Measurement discrepancy: 0
Measurement time: 1427055377
Measurement discrepancy: 3
Measurement time: 1841834661
Measurement discrepancy: 1
Measurement time: 1561626931
Measurement discrepancy: 0
Measurement time: 1433878662
Measurement discrepancy: 0
Measurement time: 1803567291
Measurement discrepancy: 1
Measurement time: 1624540950
Measurement discrepancy: 0
Measurement time: 1488839872
Measurement discrepancy: 4
Measurement time: 1342818156
Measurement discrepancy: 0
Measurement time: 1360392644
Measurement discrepancy: 2
Measurement time: 1629296122
Measurement discrepancy: 0
Measurement time: 1505078949
Measurement discrepancy: 3
Measurement time: 1728631795
Measurement discrepancy: 1

=== T=8 S=LocalLog D=Normal V=100000 MIX=1:1:8 O=1000000 W=3 M=20 ===
Warmup time: 1866852271
Warmup discrepancy: 6
Warmup time: 1776779880
Warmup discrepancy: 4
Warmup time: 1622549698
Warmup discrepancy: 1
Measurement time: 1447307927
Measurement discrepancy: 14
Measurement time: 1746066213
Measurement discrepancy: 2
Measurement time: 1580105627
Measurement discrepancy: 6
Measurement time: 1648769711
Measurement discrepancy: 6
Measurement time: 1615271953
Measurement discrepancy: 1
Measurement time: 1673860492
Measurement discrepancy: 5
Measurement time: 1683711718
Measurement discrepancy: 4
Measurement time: 1581097457
Measurement discrepancy: 7
Measurement time: 1724263715
Measurement discrepancy: 8
Measurement time: 1575901210
Measurement discrepancy: 2
Measurement time: 1645458487
Measurement discrepancy: 4
Measurement time: 1588825516
Measurement discrepancy: 7
Measurement time: 1790098459
Measurement discrepancy: 7
Measurement time: 1679905846
Measurement discrepancy: 9
Measurement time: 1544602024
Measurement discrepancy: 9
Measurement time: 1643812654
Measurement discrepancy: 7
Measurement time: 1440160140
Measurement discrepancy: 4
Measurement time: 1595746930
Measurement discrepancy: 25
Measurement time: 1792349963
Measurement discrepancy: 8
Measurement time: 1667071612
Measurement discrepancy: 6

=== T=16 S=LocalLog D=Normal V=100000 MIX=1:1:8 O=1000000 W=3 M=20 ===
Warmup time: 1933998099
Warmup discrepancy: 16
Warmup time: 1677798482
Warmup discrepancy: 20
Warmup time: 1783999055
Warmup discrepancy: 36
Measurement time: 1723762690
Measurement discrepancy: 20
Measurement time: 1625850467
Measurement discrepancy: 20
Measurement time: 1771567966
Measurement discrepancy: 17
Measurement time: 1507350286
Measurement discrepancy: 28
Measurement time: 1606563001
Measurement discrepancy: 23
Measurement time: 1734664718
Measurement discrepancy: 25
Measurement time: 1674142005
Measurement discrepancy: 26
Measurement time: 1530794046
Measurement discrepancy: 24
Measurement time: 1602786886
Measurement discrepancy: 29
Measurement time: 1692840933
Measurement discrepancy: 24
Measurement time: 1713258794
Measurement discrepancy: 22
Measurement time: 1809499885
Measurement discrepancy: 27
Measurement time: 1673584808
Measurement discrepancy: 36
Measurement time: 1758292510
Measurement discrepancy: 25
Measurement time: 1741555951
Measurement discrepancy: 16
Measurement time: 1796704504
Measurement discrepancy: 23
Measurement time: 1849619948
Measurement discrepancy: 13
Measurement time: 1743217093
Measurement discrepancy: 27
Measurement time: 1557396392
Measurement discrepancy: 25
Measurement time: 1793312734
Measurement discrepancy: 25

=== T=32 S=LocalLog D=Normal V=100000 MIX=1:1:8 O=1000000 W=3 M=20 ===
Warmup time: 2456251071
Warmup discrepancy: 85
Warmup time: 2118722862
Warmup discrepancy: 73
Warmup time: 2087918106
Warmup discrepancy: 73
Measurement time: 1945307190
Measurement discrepancy: 96
Measurement time: 1809578252
Measurement discrepancy: 83
Measurement time: 1922085653
Measurement discrepancy: 100
Measurement time: 1923965081
Measurement discrepancy: 104
Measurement time: 2083259584
Measurement discrepancy: 101
Measurement time: 1932482312
Measurement discrepancy: 94
Measurement time: 1821683814
Measurement discrepancy: 65
Measurement time: 1925002399
Measurement discrepancy: 93
Measurement time: 2057503080
Measurement discrepancy: 99
Measurement time: 2096250066
Measurement discrepancy: 96
Measurement time: 1914718843
Measurement discrepancy: 76
Measurement time: 2037378929
Measurement discrepancy: 102
Measurement time: 1955398957
Measurement discrepancy: 80
Measurement time: 1971267683
Measurement discrepancy: 101
Measurement time: 1943063350
Measurement discrepancy: 112
Measurement time: 2120686288
Measurement discrepancy: 74
Measurement time: 2000462855
Measurement discrepancy: 81
Measurement time: 1964371479
Measurement discrepancy: 83
Measurement time: 1943658401
Measurement discrepancy: 87
Measurement time: 1981985590
Measurement discrepancy: 74

=== T=48 S=LocalLog D=Normal V=100000 MIX=1:1:8 O=1000000 W=3 M=20 ===
Warmup time: 2893177527
Warmup discrepancy: 181
Warmup time: 2587592010
Warmup discrepancy: 179
Warmup time: 2572926248
Warmup discrepancy: 202
Measurement time: 2561293256
Measurement discrepancy: 160
Measurement time: 2486931326
Measurement discrepancy: 200
Measurement time: 2505574490
Measurement discrepancy: 169
Measurement time: 2685480199
Measurement discrepancy: 165
Measurement time: 2390476081
Measurement discrepancy: 218
Measurement time: 2589708583
Measurement discrepancy: 196
Measurement time: 2577020270
Measurement discrepancy: 161
Measurement time: 2440059952
Measurement discrepancy: 188
Measurement time: 2414269974
Measurement discrepancy: 185
Measurement time: 2485640442
Measurement discrepancy: 186
Measurement time: 2369576084
Measurement discrepancy: 183
Measurement time: 2607509693
Measurement discrepancy: 163
Measurement time: 2464061302
Measurement discrepancy: 157
Measurement time: 2528986079
Measurement discrepancy: 130
Measurement time: 2600733538
Measurement discrepancy: 202
Measurement time: 2552188428
Measurement discrepancy: 170
Measurement time: 2437853296
Measurement discrepancy: 159
Measurement time: 2499037344
Measurement discrepancy: 228
Measurement time: 2605109755
Measurement discrepancy: 162
Measurement time: 2473172875
Measurement discrepancy: 164

=== T=1 S=LocalLog D=Normal V=100000 MIX=1:1:0 O=1000000 W=3 M=20 ===
Warmup time: 1262671265
Warmup discrepancy: 0
Warmup time: 1215379686
Warmup discrepancy: 0
Warmup time: 1077486082
Warmup discrepancy: 0
Measurement time: 996655770
Measurement discrepancy: 0
Measurement time: 998390764
Measurement discrepancy: 0
Measurement time: 1072492855
Measurement discrepancy: 0
Measurement time: 948536736
Measurement discrepancy: 0
Measurement time: 968926566
Measurement discrepancy: 0
Measurement time: 1002405888
Measurement discrepancy: 0
Measurement time: 1006309518
Measurement discrepancy: 0
Measurement time: 999214573
Measurement discrepancy: 0
Measurement time: 1002536518
Measurement discrepancy: 0
Measurement time: 994007665
Measurement discrepancy: 0
Measurement time: 1007205254
Measurement discrepancy: 0
Measurement time: 988905309
Measurement discrepancy: 0
Measurement time: 1027046122
Measurement discrepancy: 0
Measurement time: 956525234
Measurement discrepancy: 0
Measurement time: 957854270
Measurement discrepancy: 0
Measurement time: 961207054
Measurement discrepancy: 0
Measurement time: 955973316
Measurement discrepancy: 0
Measurement time: 949078004
Measurement discrepancy: 0
Measurement time: 951397789
Measurement discrepancy: 0
Measurement time: 948344558
Measurement discrepancy: 0

=== T=2 S=LocalLog D=Normal V=100000 MIX=1:1:0 O=1000000 W=3 M=20 ===
Warmup time: 1918902481
Warmup discrepancy: 0
Warmup time: 1650281042
Warmup discrepancy: 2
Warmup time: 1555549393
Warmup discrepancy: 0
Measurement time: 1700490350
Measurement discrepancy: 0
Measurement time: 1356052126
Measurement discrepancy: 0
Measurement time: 1536211067
Measurement discrepancy: 2
Measurement time: 1396831636
Measurement discrepancy: 0
Measurement time: 1260919367
Measurement discrepancy: 0
Measurement time: 1447268791
Measurement discrepancy: 0
Measurement time: 1396958129
Measurement discrepancy: 0
Measurement time: 1578713858
Measurement discrepancy: 0
Measurement time: 1540994253
Measurement discrepancy: 0
Measurement time: 1516910524
Measurement discrepancy: 0
Measurement time: 1191542832
Measurement discrepancy: 0
Measurement time: 1640202961
Measurement discrepancy: 0
Measurement time: 1361496148
Measurement discrepancy: 0
Measurement time: 1271311241
Measurement discrepancy: 4
Measurement time: 1692878065
Measurement discrepancy: 0
Measurement time: 1423432237
Measurement discrepancy: 0
Measurement time: 1342378786
Measurement discrepancy: 0
Measurement time: 1355313060
Measurement discrepancy: 0
Measurement time: 1303369879
Measurement discrepancy: 0
Measurement time: 1347753575
Measurement discrepancy: 0

=== T=4 S=LocalLog D=Normal V=100000 MIX=1:1:0 O=1000000 W=3 M=20 ===
Warmup time: 1948575899
Warmup discrepancy: 8
Warmup time: 1996261933
Warmup discrepancy: 8
Warmup time: 1947399685
Warmup discrepancy: 4
Measurement time: 1887960500
Measurement discrepancy: 4
Measurement time: 1811129385
Measurement discrepancy: 6
Measurement time: 1838673866
Measurement discrepancy: 8
Measurement time: 1841930946
Measurement discrepancy: 4
Measurement time: 1829812639
Measurement discrepancy: 0
Measurement time: 1877372315
Measurement discrepancy: 2
Measurement time: 2048227724
Measurement discrepancy: 6
Measurement time: 1871553137
Measurement discrepancy: 6
Measurement time: 1842277270
Measurement discrepancy: 6
Measurement time: 1898532134
Measurement discrepancy: 6
Measurement time: 1794083449
Measurement discrepancy: 4
Measurement time: 1917713862
Measurement discrepancy: 0
Measurement time: 1917827360
Measurement discrepancy: 14
Measurement time: 1796419584
Measurement discrepancy: 2
Measurement time: 1861342013
Measurement discrepancy: 2
Measurement time: 1970031875
Measurement discrepancy: 12
Measurement time: 1815207158
Measurement discrepancy: 2
Measurement time: 1844355982
Measurement discrepancy: 6
Measurement time: 1792612671
Measurement discrepancy: 0
Measurement time: 1979755854
Measurement discrepancy: 4

=== T=8 S=LocalLog D=Normal V=100000 MIX=1:1:0 O=1000000 W=3 M=20 ===
Warmup time: 2493388144
Warmup discrepancy: 16
Warmup time: 2002638433
Warmup discrepancy: 24
Warmup time: 2146740809
Warmup discrepancy: 36
Measurement time: 1864002450
Measurement discrepancy: 28
Measurement time: 1972321191
Measurement discrepancy: 22
Measurement time: 2060342916
Measurement discrepancy: 18
Measurement time: 2039328597
Measurement discrepancy: 22
Measurement time: 2053600161
Measurement discrepancy: 22
Measurement time: 2004761529
Measurement discrepancy: 22
Measurement time: 2059951086
Measurement discrepancy: 18
Measurement time: 1969659909
Measurement discrepancy: 36
Measurement time: 2027015832
Measurement discrepancy: 36
Measurement time: 2086160030
Measurement discrepancy: 28
Measurement time: 1909668728
Measurement discrepancy: 30
Measurement time: 1966613380
Measurement discrepancy: 24
Measurement time: 2104747325
Measurement discrepancy: 44
Measurement time: 2058912349
Measurement discrepancy: 26
Measurement time: 2004001381
Measurement discrepancy: 28
Measurement time: 2121865396
Measurement discrepancy: 28
Measurement time: 2134698295
Measurement discrepancy: 32
Measurement time: 1974893627
Measurement discrepancy: 10
Measurement time: 2229578194
Measurement discrepancy: 22
Measurement time: 2123031135
Measurement discrepancy: 26

=== T=16 S=LocalLog D=Normal V=100000 MIX=1:1:0 O=1000000 W=3 M=20 ===
Warmup time: 2539180351
Warmup discrepancy: 134
Warmup time: 2120526726
Warmup discrepancy: 130
Warmup time: 2104027006
Warmup discrepancy: 124
Measurement time: 2042976761
Measurement discrepancy: 110
Measurement time: 1923393185
Measurement discrepancy: 104
Measurement time: 1986659135
Measurement discrepancy: 120
Measurement time: 1875266060
Measurement discrepancy: 144
Measurement time: 1951838112
Measurement discrepancy: 110
Measurement time: 2017514199
Measurement discrepancy: 112
Measurement time: 2067643270
Measurement discrepancy: 128
Measurement time: 2086166046
Measurement discrepancy: 108
Measurement time: 2182619597
Measurement discrepancy: 114
Measurement time: 1972345924
Measurement discrepancy: 114
Measurement time: 2009745775
Measurement discrepancy: 96
Measurement time: 2227988453
Measurement discrepancy: 122
Measurement time: 2168803812
Measurement discrepancy: 118
Measurement time: 2107539374
Measurement discrepancy: 120
Measurement time: 2276434340
Measurement discrepancy: 120
Measurement time: 2140077279
Measurement discrepancy: 130
Measurement time: 2001187547
Measurement discrepancy: 136
Measurement time: 2114227510
Measurement discrepancy: 94
Measurement time: 2258171806
Measurement discrepancy: 100
Measurement time: 2122429966
Measurement discrepancy: 106

=== T=32 S=LocalLog D=Normal V=100000 MIX=1:1:0 O=1000000 W=3 M=20 ===
Warmup time: 3323397024
Warmup discrepancy: 438
Warmup time: 2637097058
Warmup discrepancy: 414
Warmup time: 2592034679
Warmup discrepancy: 442
Measurement time: 2492660829
Measurement discrepancy: 472
Measurement time: 2451806175
Measurement discrepancy: 468
Measurement time: 2701235121
Measurement discrepancy: 506
Measurement time: 2843099856
Measurement discrepancy: 416
Measurement time: 2768315022
Measurement discrepancy: 414
Measurement time: 2546098686
Measurement discrepancy: 448
Measurement time: 2606682694
Measurement discrepancy: 398
Measurement time: 2875213815
Measurement discrepancy: 486
Measurement time: 2800576522
Measurement discrepancy: 484
Measurement time: 2821818597
Measurement discrepancy: 452
Measurement time: 2763198014
Measurement discrepancy: 488
Measurement time: 2714428041
Measurement discrepancy: 418
Measurement time: 2664475981
Measurement discrepancy: 442
Measurement time: 2554487468
Measurement discrepancy: 474
Measurement time: 2677748601
Measurement discrepancy: 450
Measurement time: 2739421109
Measurement discrepancy: 458
Measurement time: 2588779394
Measurement discrepancy: 454
Measurement time: 2610721623
Measurement discrepancy: 506
Measurement time: 2566605932
Measurement discrepancy: 466
Measurement time: 2505675918
Measurement discrepancy: 468

=== T=48 S=LocalLog D=Normal V=100000 MIX=1:1:0 O=1000000 W=3 M=20 ===
Warmup time: 3899235741
Warmup discrepancy: 890
Warmup time: 3557346297
Warmup discrepancy: 860
Warmup time: 3482986620
Warmup discrepancy: 824
Measurement time: 3395541918
Measurement discrepancy: 870
Measurement time: 3355334267
Measurement discrepancy: 878
Measurement time: 3426205539
Measurement discrepancy: 924
Measurement time: 3415995223
Measurement discrepancy: 910
Measurement time: 3643665345
Measurement discrepancy: 804
Measurement time: 3591836188
Measurement discrepancy: 952
Measurement time: 3521147610
Measurement discrepancy: 832
Measurement time: 3435440635
Measurement discrepancy: 910
Measurement time: 3497863122
Measurement discrepancy: 896
Measurement time: 3482045084
Measurement discrepancy: 856
Measurement time: 3546522154
Measurement discrepancy: 880
Measurement time: 3408752435
Measurement discrepancy: 854
Measurement time: 3597582358
Measurement discrepancy: 786
Measurement time: 3306939446
Measurement discrepancy: 950
Measurement time: 3340971427
Measurement discrepancy: 832
Measurement time: 3585556799
Measurement discrepancy: 938
Measurement time: 3440725175
Measurement discrepancy: 962
Measurement time: 3605694536
Measurement discrepancy: 934
Measurement time: 3574788566
Measurement discrepancy: 874
Measurement time: 3451152934
Measurement discrepancy: 872

