Note: Main.java uses unchecked or unsafe operations.
Note: Recompile with -Xlint:unchecked for details.
=== T=1 S=GlobalLog D=Uniform V=100000 MIX=1:1:8 O=1000000 W=3 M=20 ===
Warmup time: 1205208454
Warmup discrepancy: 0
Warmup time: 1128844960
Warmup discrepancy: 0
Warmup time: 1259224749
Warmup discrepancy: 0
Measurement time: 1240299286
Measurement discrepancy: 0
Measurement time: 1241718469
Measurement discrepancy: 0
Measurement time: 1216751712
Measurement discrepancy: 0
Measurement time: 1256570877
Measurement discrepancy: 0
Measurement time: 1210423753
Measurement discrepancy: 0
Measurement time: 1145894662
Measurement discrepancy: 0
Measurement time: 1207417670
Measurement discrepancy: 0
Measurement time: 1217969571
Measurement discrepancy: 0
Measurement time: 1222835225
Measurement discrepancy: 0
Measurement time: 1176815754
Measurement discrepancy: 0
Measurement time: 1248484551
Measurement discrepancy: 0
Measurement time: 1226872942
Measurement discrepancy: 0
Measurement time: 1204038517
Measurement discrepancy: 0
Measurement time: 1184669739
Measurement discrepancy: 0
Measurement time: 1226644839
Measurement discrepancy: 0
Measurement time: 1189997022
Measurement discrepancy: 0
Measurement time: 1191651451
Measurement discrepancy: 0
Measurement time: 1203402516
Measurement discrepancy: 0
Measurement time: 1122026047
Measurement discrepancy: 0
Measurement time: 1196914312
Measurement discrepancy: 0

=== T=2 S=GlobalLog D=Uniform V=100000 MIX=1:1:8 O=1000000 W=3 M=20 ===
Warmup time: 1817004612
Warmup discrepancy: 0
Warmup time: 1819763856
Warmup discrepancy: 0
Warmup time: 1947674425
Warmup discrepancy: 0
Measurement time: 1806766409
Measurement discrepancy: 1
Measurement time: 1794802180
Measurement discrepancy: 0
Measurement time: 1849203759
Measurement discrepancy: 0
Measurement time: 1808432892
Measurement discrepancy: 0
Measurement time: 1788797968
Measurement discrepancy: 0
Measurement time: 2114830668
Measurement discrepancy: 0
Measurement time: 1745052857
Measurement discrepancy: 0
Measurement time: 1917824762
Measurement discrepancy: 0
Measurement time: 1798102454
Measurement discrepancy: 0
Measurement time: 1862216552
Measurement discrepancy: 0
Measurement time: 1765260958
Measurement discrepancy: 0
Measurement time: 1991099058
Measurement discrepancy: 1
Measurement time: 1773049602
Measurement discrepancy: 0
Measurement time: 1800294271
Measurement discrepancy: 0
Measurement time: 1795508096
Measurement discrepancy: 0
Measurement time: 1874561216
Measurement discrepancy: 0
Measurement time: 1821877988
Measurement discrepancy: 0
Measurement time: 1867626499
Measurement discrepancy: 0
Measurement time: 1880194505
Measurement discrepancy: 0
Measurement time: 1919282460
Measurement discrepancy: 1

=== T=4 S=GlobalLog D=Uniform V=100000 MIX=1:1:8 O=1000000 W=3 M=20 ===
Warmup time: 2655466590
Warmup discrepancy: 1
Warmup time: 2421654303
Warmup discrepancy: 0
Warmup time: 2437916978
Warmup discrepancy: 0
Measurement time: 2485172254
Measurement discrepancy: 0
Measurement time: 2625525811
Measurement discrepancy: 0
Measurement time: 2532834273
Measurement discrepancy: 0
Measurement time: 2625317414
Measurement discrepancy: 1
Measurement time: 2131285234
Measurement discrepancy: 0
Measurement time: 2107782814
Measurement discrepancy: 0
Measurement time: 2141327804
Measurement discrepancy: 0
Measurement time: 2154925775
Measurement discrepancy: 0
Measurement time: 2153784753
Measurement discrepancy: 1
Measurement time: 2129556532
Measurement discrepancy: 0
Measurement time: 2159962675
Measurement discrepancy: 0
Measurement time: 2852476871
Measurement discrepancy: 0
Measurement time: 2132015192
Measurement discrepancy: 0
Measurement time: 2739371148
Measurement discrepancy: 1
Measurement time: 2426861555
Measurement discrepancy: 2
Measurement time: 2191391019
Measurement discrepancy: 0
Measurement time: 2333082554
Measurement discrepancy: 1
Measurement time: 2528834751
Measurement discrepancy: 1
Measurement time: 2154904051
Measurement discrepancy: 0
Measurement time: 2147945461
Measurement discrepancy: 0

=== T=8 S=GlobalLog D=Uniform V=100000 MIX=1:1:8 O=1000000 W=3 M=20 ===
Warmup time: 3953571837
Warmup discrepancy: 0
Warmup time: 3521252005
Warmup discrepancy: 1
Warmup time: 3287209808
Warmup discrepancy: 0
Measurement time: 3112851739
Measurement discrepancy: 0
Measurement time: 3291856936
Measurement discrepancy: 0
Measurement time: 4059621172
Measurement discrepancy: 0
Measurement time: 3400083439
Measurement discrepancy: 3
Measurement time: 3476815009
Measurement discrepancy: 0
Measurement time: 3465642815
Measurement discrepancy: 0
Measurement time: 3666959797
Measurement discrepancy: 3
Measurement time: 2524350228
Measurement discrepancy: 3
Measurement time: 4176064406
Measurement discrepancy: 1
Measurement time: 3897828623
Measurement discrepancy: 3
Measurement time: 2522204405
Measurement discrepancy: 2
Measurement time: 3657344101
Measurement discrepancy: 3
Measurement time: 2715998490
Measurement discrepancy: 2
Measurement time: 2645371875
Measurement discrepancy: 0
Measurement time: 2508465630
Measurement discrepancy: 1
Measurement time: 2735586722
Measurement discrepancy: 2
Measurement time: 3627884556
Measurement discrepancy: 2
Measurement time: 3231061914
Measurement discrepancy: 0
Measurement time: 3703115096
Measurement discrepancy: 1
Measurement time: 2755203647
Measurement discrepancy: 0

=== T=16 S=GlobalLog D=Uniform V=100000 MIX=1:1:8 O=1000000 W=3 M=20 ===
Warmup time: 11308417509
Warmup discrepancy: 1
Warmup time: 10167220439
Warmup discrepancy: 1
Warmup time: 11387832952
Warmup discrepancy: 0
Measurement time: 10594655039
Measurement discrepancy: 2
Measurement time: 11447444188
Measurement discrepancy: 3
Measurement time: 11217916333
Measurement discrepancy: 3
Measurement time: 8381668437
Measurement discrepancy: 1
Measurement time: 9773118036
Measurement discrepancy: 0
Measurement time: 9830378985
Measurement discrepancy: 4
Measurement time: 9740578068
Measurement discrepancy: 1
Measurement time: 9453971026
Measurement discrepancy: 2
Measurement time: 9930203689
Measurement discrepancy: 1
Measurement time: 11277152938
Measurement discrepancy: 1
Measurement time: 10797208866
Measurement discrepancy: 0
Measurement time: 7704384016
Measurement discrepancy: 1
Measurement time: 9902914401
Measurement discrepancy: 1
Measurement time: 8657195443
Measurement discrepancy: 1
Measurement time: 12056046623
Measurement discrepancy: 1
Measurement time: 11380745272
Measurement discrepancy: 1
Measurement time: 10470758323
Measurement discrepancy: 1
Measurement time: 10660524780
Measurement discrepancy: 2
Measurement time: 9918650579
Measurement discrepancy: 1
Measurement time: 8521262745
Measurement discrepancy: 4

=== T=32 S=GlobalLog D=Uniform V=100000 MIX=1:1:8 O=1000000 W=3 M=20 ===
Warmup time: 33145029331
Warmup discrepancy: 7
Warmup time: 28884311010
Warmup discrepancy: 1
Warmup time: 28178388667
Warmup discrepancy: 3
Measurement time: 32038384850
Measurement discrepancy: 1
Measurement time: 31046337314
Measurement discrepancy: 3
Measurement time: 32440146759
Measurement discrepancy: 2
Measurement time: 34633216001
Measurement discrepancy: 3
Measurement time: 32621928103
Measurement discrepancy: 2
Measurement time: 30512134209
Measurement discrepancy: 1
Measurement time: 30159914411
Measurement discrepancy: 0
Measurement time: 33816153945
Measurement discrepancy: 0
Measurement time: 33170703197
Measurement discrepancy: 0
Measurement time: 34164872313
Measurement discrepancy: 1
Measurement time: 31045336975
Measurement discrepancy: 1
Measurement time: 28969730672
Measurement discrepancy: 2
Measurement time: 28794249261
Measurement discrepancy: 1
Measurement time: 30575166807
Measurement discrepancy: 2
Measurement time: 28612804018
Measurement discrepancy: 1
Measurement time: 28965237802
Measurement discrepancy: 3
Measurement time: 29741838227
Measurement discrepancy: 5
Measurement time: 30021762556
Measurement discrepancy: 0
Measurement time: 29856601055
Measurement discrepancy: 2
Measurement time: 30168676338
Measurement discrepancy: 2

=== T=48 S=GlobalLog D=Uniform V=100000 MIX=1:1:8 O=1000000 W=3 M=20 ===
Warmup time: 48361650588
Warmup discrepancy: 4
Warmup time: 47904500110
Warmup discrepancy: 3
Warmup time: 48691129396
Warmup discrepancy: 2
Measurement time: 49676945123
Measurement discrepancy: 4
Measurement time: 50894999441
Measurement discrepancy: 3
Measurement time: 51791326209
Measurement discrepancy: 4
Measurement time: 50132098892
Measurement discrepancy: 0
Measurement time: 52957638496
Measurement discrepancy: 1
Measurement time: 51792514193
Measurement discrepancy: 8
Measurement time: 51356076458
Measurement discrepancy: 3
Measurement time: 50006742042
Measurement discrepancy: 4
Measurement time: 48028109736
Measurement discrepancy: 7
Measurement time: 48549017156
Measurement discrepancy: 5
Measurement time: 48367506618
Measurement discrepancy: 6
Measurement time: 51406224264
Measurement discrepancy: 6
Measurement time: 52254590370
Measurement discrepancy: 4
Measurement time: 52770029555
Measurement discrepancy: 1
Measurement time: 51396613414
Measurement discrepancy: 1
Measurement time: 51956351075
Measurement discrepancy: 3
Measurement time: 53289333412
Measurement discrepancy: 2
Measurement time: 52027363039
Measurement discrepancy: 3
Measurement time: 50945615888
Measurement discrepancy: 6
Measurement time: 51798777462
Measurement discrepancy: 4

=== T=1 S=GlobalLog D=Uniform V=100000 MIX=1:1:0 O=1000000 W=3 M=20 ===
Warmup time: 1338712290
Warmup discrepancy: 0
Warmup time: 1430303024
Warmup discrepancy: 0
Warmup time: 1425661697
Warmup discrepancy: 0
Measurement time: 1448596942
Measurement discrepancy: 0
Measurement time: 1406909357
Measurement discrepancy: 0
Measurement time: 1389776912
Measurement discrepancy: 0
Measurement time: 1421100300
Measurement discrepancy: 0
Measurement time: 1354678735
Measurement discrepancy: 0
Measurement time: 1413883597
Measurement discrepancy: 0
Measurement time: 1398832477
Measurement discrepancy: 0
Measurement time: 1374181995
Measurement discrepancy: 0
Measurement time: 1421444055
Measurement discrepancy: 0
Measurement time: 1369244192
Measurement discrepancy: 0
Measurement time: 1386876819
Measurement discrepancy: 0
Measurement time: 1411088154
Measurement discrepancy: 0
Measurement time: 1393175363
Measurement discrepancy: 0
Measurement time: 1412113326
Measurement discrepancy: 0
Measurement time: 1383454472
Measurement discrepancy: 0
Measurement time: 1387346013
Measurement discrepancy: 0
Measurement time: 1415123709
Measurement discrepancy: 0
Measurement time: 1377736283
Measurement discrepancy: 0
Measurement time: 1365702688
Measurement discrepancy: 0
Measurement time: 1394605988
Measurement discrepancy: 0

=== T=2 S=GlobalLog D=Uniform V=100000 MIX=1:1:0 O=1000000 W=3 M=20 ===
Warmup time: 2300386886
Warmup discrepancy: 0
Warmup time: 2167066887
Warmup discrepancy: 0
Warmup time: 2199477187
Warmup discrepancy: 0
Measurement time: 2166141475
Measurement discrepancy: 0
Measurement time: 2110025645
Measurement discrepancy: 0
Measurement time: 2200440751
Measurement discrepancy: 0
Measurement time: 1950630172
Measurement discrepancy: 0
Measurement time: 1850715417
Measurement discrepancy: 0
Measurement time: 1957736595
Measurement discrepancy: 0
Measurement time: 1847098072
Measurement discrepancy: 0
Measurement time: 1856707235
Measurement discrepancy: 0
Measurement time: 1904169156
Measurement discrepancy: 0
Measurement time: 1890140561
Measurement discrepancy: 2
Measurement time: 1842537804
Measurement discrepancy: 0
Measurement time: 2203524043
Measurement discrepancy: 2
Measurement time: 1977158275
Measurement discrepancy: 0
Measurement time: 1903434726
Measurement discrepancy: 0
Measurement time: 2423985348
Measurement discrepancy: 0
Measurement time: 1808810037
Measurement discrepancy: 2
Measurement time: 2040711316
Measurement discrepancy: 2
Measurement time: 1867003853
Measurement discrepancy: 0
Measurement time: 1955806385
Measurement discrepancy: 0
Measurement time: 1938647642
Measurement discrepancy: 0

=== T=4 S=GlobalLog D=Uniform V=100000 MIX=1:1:0 O=1000000 W=3 M=20 ===
Warmup time: 3274547476
Warmup discrepancy: 4
Warmup time: 3010981509
Warmup discrepancy: 0
Warmup time: 2937999222
Warmup discrepancy: 0
Measurement time: 2620481117
Measurement discrepancy: 2
Measurement time: 3352223241
Measurement discrepancy: 0
Measurement time: 2725961398
Measurement discrepancy: 0
Measurement time: 2602907933
Measurement discrepancy: 0
Measurement time: 2638283928
Measurement discrepancy: 0
Measurement time: 2861678528
Measurement discrepancy: 0
Measurement time: 2277917733
Measurement discrepancy: 4
Measurement time: 2255809314
Measurement discrepancy: 0
Measurement time: 2492963231
Measurement discrepancy: 2
Measurement time: 2201120692
Measurement discrepancy: 0
Measurement time: 2264919252
Measurement discrepancy: 4
Measurement time: 2327687009
Measurement discrepancy: 2
Measurement time: 2201452323
Measurement discrepancy: 2
Measurement time: 2283258735
Measurement discrepancy: 4
Measurement time: 3397123966
Measurement discrepancy: 2
Measurement time: 2248729562
Measurement discrepancy: 2
Measurement time: 2255747927
Measurement discrepancy: 2
Measurement time: 3075160268
Measurement discrepancy: 2
Measurement time: 2229320071
Measurement discrepancy: 2
Measurement time: 2228029463
Measurement discrepancy: 2

=== T=8 S=GlobalLog D=Uniform V=100000 MIX=1:1:0 O=1000000 W=3 M=20 ===
Warmup time: 4406942704
Warmup discrepancy: 8
Warmup time: 4488428647
Warmup discrepancy: 4
Warmup time: 4506405078
Warmup discrepancy: 8
Measurement time: 4311771897
Measurement discrepancy: 2
Measurement time: 4178400964
Measurement discrepancy: 8
Measurement time: 3639647750
Measurement discrepancy: 8
Measurement time: 3713343967
Measurement discrepancy: 4
Measurement time: 3257360483
Measurement discrepancy: 6
Measurement time: 3089114949
Measurement discrepancy: 8
Measurement time: 4320290239
Measurement discrepancy: 4
Measurement time: 3855420117
Measurement discrepancy: 6
Measurement time: 3418573624
Measurement discrepancy: 10
Measurement time: 5249760375
Measurement discrepancy: 4
Measurement time: 3733163688
Measurement discrepancy: 8
Measurement time: 4178500814
Measurement discrepancy: 12
Measurement time: 4266665041
Measurement discrepancy: 8
Measurement time: 3781496731
Measurement discrepancy: 6
Measurement time: 3725732466
Measurement discrepancy: 2
Measurement time: 3824362353
Measurement discrepancy: 10
Measurement time: 4098955536
Measurement discrepancy: 4
Measurement time: 4343422538
Measurement discrepancy: 2
Measurement time: 4542068150
Measurement discrepancy: 8
Measurement time: 5320057079
Measurement discrepancy: 10

=== T=16 S=GlobalLog D=Uniform V=100000 MIX=1:1:0 O=1000000 W=3 M=20 ===
Warmup time: 11339997978
Warmup discrepancy: 14
Warmup time: 13288773300
Warmup discrepancy: 12
Warmup time: 10333653914
Warmup discrepancy: 8
Measurement time: 12268532365
Measurement discrepancy: 10
Measurement time: 13465618573
Measurement discrepancy: 4
Measurement time: 13229849916
Measurement discrepancy: 4
Measurement time: 11822417356
Measurement discrepancy: 6
Measurement time: 13068116210
Measurement discrepancy: 14
Measurement time: 13310138312
Measurement discrepancy: 12
Measurement time: 11499438941
Measurement discrepancy: 16
Measurement time: 11021192991
Measurement discrepancy: 12
Measurement time: 12698269469
Measurement discrepancy: 10
Measurement time: 12771386411
Measurement discrepancy: 6
Measurement time: 10159628664
Measurement discrepancy: 12
Measurement time: 11940590961
Measurement discrepancy: 8
Measurement time: 13679117680
Measurement discrepancy: 10
Measurement time: 14221919521
Measurement discrepancy: 12
Measurement time: 11467474224
Measurement discrepancy: 8
Measurement time: 9746593017
Measurement discrepancy: 6
Measurement time: 11474644424
Measurement discrepancy: 10
Measurement time: 13635872387
Measurement discrepancy: 4
Measurement time: 11619738998
Measurement discrepancy: 8
Measurement time: 10850538779
Measurement discrepancy: 6

=== T=32 S=GlobalLog D=Uniform V=100000 MIX=1:1:0 O=1000000 W=3 M=20 ===
Warmup time: 37579856762
Warmup discrepancy: 4
Warmup time: 39024256931
Warmup discrepancy: 12
Warmup time: 39665568535
Warmup discrepancy: 12
Measurement time: 37063272218
Measurement discrepancy: 14
Measurement time: 35823242184
Measurement discrepancy: 16
Measurement time: 35730461955
Measurement discrepancy: 18
Measurement time: 35073095966
Measurement discrepancy: 6
Measurement time: 35383393067
Measurement discrepancy: 14
Measurement time: 39524657211
Measurement discrepancy: 8
Measurement time: 38364491676
Measurement discrepancy: 6
Measurement time: 40267587952
Measurement discrepancy: 6
Measurement time: 37161061870
Measurement discrepancy: 16
Measurement time: 39224552379
Measurement discrepancy: 6
Measurement time: 38290917684
Measurement discrepancy: 16
Measurement time: 38460553337
Measurement discrepancy: 16
Measurement time: 32354099082
Measurement discrepancy: 12
Measurement time: 31023161880
Measurement discrepancy: 10
Measurement time: 32418193386
Measurement discrepancy: 18
Measurement time: 30216346569
Measurement discrepancy: 28
Measurement time: 30398630052
Measurement discrepancy: 24
Measurement time: 30451232982
Measurement discrepancy: 16
Measurement time: 31481212265
Measurement discrepancy: 16
Measurement time: 39546486415
Measurement discrepancy: 16

=== T=48 S=GlobalLog D=Uniform V=100000 MIX=1:1:0 O=1000000 W=3 M=20 ===
Warmup time: 60979391547
Warmup discrepancy: 14
Warmup time: 59354012820
Warmup discrepancy: 14
Warmup time: 59648869969
Warmup discrepancy: 30
Measurement time: 58435688942
Measurement discrepancy: 18
Measurement time: 55500386540
Measurement discrepancy: 32
Measurement time: 55862686056
Measurement discrepancy: 14
Measurement time: 58636412583
Measurement discrepancy: 6
Measurement time: 58642538234
Measurement discrepancy: 22
Measurement time: 55541299205
Measurement discrepancy: 20
Measurement time: 56331797595
Measurement discrepancy: 16
Measurement time: 56302519760
Measurement discrepancy: 26
Measurement time: 51367984496
Measurement discrepancy: 20
Measurement time: 49960444444
Measurement discrepancy: 24
Measurement time: 49925091956
Measurement discrepancy: 20
Measurement time: 54977955034
Measurement discrepancy: 10
Measurement time: 55006198691
Measurement discrepancy: 20
Measurement time: 55679704893
Measurement discrepancy: 24
Measurement time: 55459138841
Measurement discrepancy: 8
Measurement time: 56817129367
Measurement discrepancy: 8
Measurement time: 55426116366
Measurement discrepancy: 24
Measurement time: 56124511219
Measurement discrepancy: 12
Measurement time: 54713533215
Measurement discrepancy: 36
Measurement time: 53855670124
Measurement discrepancy: 28

Note: Main.java uses unchecked or unsafe operations.
Note: Recompile with -Xlint:unchecked for details.
=== T=1 S=GlobalLog D=Normal V=100000 MIX=1:1:8 O=1000000 W=3 M=20 ===
Warmup time: 1234035600
Warmup discrepancy: 0
Warmup time: 1166759217
Warmup discrepancy: 0
Warmup time: 1269269605
Warmup discrepancy: 0
Measurement time: 1175356597
Measurement discrepancy: 0
Measurement time: 1237608001
Measurement discrepancy: 0
Measurement time: 1134793746
Measurement discrepancy: 0
Measurement time: 1264207686
Measurement discrepancy: 0
Measurement time: 1112918245
Measurement discrepancy: 0
Measurement time: 1124962498
Measurement discrepancy: 0
Measurement time: 1121291538
Measurement discrepancy: 0
Measurement time: 1116139258
Measurement discrepancy: 0
Measurement time: 1107294238
Measurement discrepancy: 0
Measurement time: 1099894138
Measurement discrepancy: 0
Measurement time: 996639754
Measurement discrepancy: 0
Measurement time: 1090462861
Measurement discrepancy: 0
Measurement time: 1135756549
Measurement discrepancy: 0
Measurement time: 1137633133
Measurement discrepancy: 0
Measurement time: 1150712124
Measurement discrepancy: 0
Measurement time: 1150982609
Measurement discrepancy: 0
Measurement time: 1170835989
Measurement discrepancy: 0
Measurement time: 1169153045
Measurement discrepancy: 0
Measurement time: 1173446139
Measurement discrepancy: 0
Measurement time: 1168910042
Measurement discrepancy: 0

=== T=2 S=GlobalLog D=Normal V=100000 MIX=1:1:8 O=1000000 W=3 M=20 ===
Warmup time: 1846437586
Warmup discrepancy: 0
Warmup time: 1803950065
Warmup discrepancy: 0
Warmup time: 1598412234
Warmup discrepancy: 0
Measurement time: 1546894187
Measurement discrepancy: 0
Measurement time: 1871309419
Measurement discrepancy: 0
Measurement time: 1924152840
Measurement discrepancy: 0
Measurement time: 1603463534
Measurement discrepancy: 0
Measurement time: 1597404335
Measurement discrepancy: 0
Measurement time: 1936554897
Measurement discrepancy: 0
Measurement time: 1611030644
Measurement discrepancy: 1
Measurement time: 1854889611
Measurement discrepancy: 0
Measurement time: 1652983506
Measurement discrepancy: 0
Measurement time: 1582937936
Measurement discrepancy: 0
Measurement time: 1524034385
Measurement discrepancy: 0
Measurement time: 1801865902
Measurement discrepancy: 0
Measurement time: 1651917357
Measurement discrepancy: 0
Measurement time: 1651886549
Measurement discrepancy: 2
Measurement time: 1679315862
Measurement discrepancy: 0
Measurement time: 1673368156
Measurement discrepancy: 0
Measurement time: 1918655236
Measurement discrepancy: 1
Measurement time: 1612758738
Measurement discrepancy: 0
Measurement time: 1595726112
Measurement discrepancy: 0
Measurement time: 1394345654
Measurement discrepancy: 2

=== T=4 S=GlobalLog D=Normal V=100000 MIX=1:1:8 O=1000000 W=3 M=20 ===
Warmup time: 2621036081
Warmup discrepancy: 0
Warmup time: 2427935259
Warmup discrepancy: 0
Warmup time: 2484911408
Warmup discrepancy: 1
Measurement time: 2247045019
Measurement discrepancy: 1
Measurement time: 2107509962
Measurement discrepancy: 1
Measurement time: 2645467506
Measurement discrepancy: 1
Measurement time: 1948738564
Measurement discrepancy: 0
Measurement time: 1961873637
Measurement discrepancy: 0
Measurement time: 1942357562
Measurement discrepancy: 1
Measurement time: 1917273696
Measurement discrepancy: 0
Measurement time: 1998323689
Measurement discrepancy: 0
Measurement time: 1938985782
Measurement discrepancy: 0
Measurement time: 2160708679
Measurement discrepancy: 0
Measurement time: 2260114187
Measurement discrepancy: 0
Measurement time: 2041555245
Measurement discrepancy: 0
Measurement time: 2112312178
Measurement discrepancy: 0
Measurement time: 2040306126
Measurement discrepancy: 1
Measurement time: 2154263124
Measurement discrepancy: 0
Measurement time: 2059979821
Measurement discrepancy: 0
Measurement time: 2018802553
Measurement discrepancy: 1
Measurement time: 1974842138
Measurement discrepancy: 0
Measurement time: 2498233432
Measurement discrepancy: 1
Measurement time: 2014430226
Measurement discrepancy: 1

=== T=8 S=GlobalLog D=Normal V=100000 MIX=1:1:8 O=1000000 W=3 M=20 ===
Warmup time: 4391132865
Warmup discrepancy: 2
Warmup time: 3195349019
Warmup discrepancy: 2
Warmup time: 3491086724
Warmup discrepancy: 1
Measurement time: 3524184114
Measurement discrepancy: 1
Measurement time: 3753458879
Measurement discrepancy: 0
Measurement time: 3459117832
Measurement discrepancy: 1
Measurement time: 3108081846
Measurement discrepancy: 5
Measurement time: 3077483444
Measurement discrepancy: 1
Measurement time: 2624438635
Measurement discrepancy: 2
Measurement time: 2576265110
Measurement discrepancy: 2
Measurement time: 3688078921
Measurement discrepancy: 2
Measurement time: 2495469249
Measurement discrepancy: 2
Measurement time: 3396126590
Measurement discrepancy: 4
Measurement time: 3615143961
Measurement discrepancy: 3
Measurement time: 2566441900
Measurement discrepancy: 5
Measurement time: 3521984954
Measurement discrepancy: 3
Measurement time: 2544123631
Measurement discrepancy: 2
Measurement time: 3486593113
Measurement discrepancy: 2
Measurement time: 2593205533
Measurement discrepancy: 2
Measurement time: 3493874297
Measurement discrepancy: 2
Measurement time: 3211033069
Measurement discrepancy: 4
Measurement time: 2538419499
Measurement discrepancy: 7
Measurement time: 2628657131
Measurement discrepancy: 3

=== T=16 S=GlobalLog D=Normal V=100000 MIX=1:1:8 O=1000000 W=3 M=20 ===
Warmup time: 12113076858
Warmup discrepancy: 2
Warmup time: 11822490219
Warmup discrepancy: 4
Warmup time: 10544216356
Warmup discrepancy: 3
Measurement time: 11683166188
Measurement discrepancy: 3
Measurement time: 12516994451
Measurement discrepancy: 6
Measurement time: 9019964132
Measurement discrepancy: 6
Measurement time: 12005789378
Measurement discrepancy: 3
Measurement time: 10009008402
Measurement discrepancy: 4
Measurement time: 11164522147
Measurement discrepancy: 2
Measurement time: 11634976803
Measurement discrepancy: 5
Measurement time: 10329599638
Measurement discrepancy: 1
Measurement time: 11272515472
Measurement discrepancy: 2
Measurement time: 9830573271
Measurement discrepancy: 5
Measurement time: 11227745124
Measurement discrepancy: 1
Measurement time: 11655942600
Measurement discrepancy: 2
Measurement time: 10935442877
Measurement discrepancy: 3
Measurement time: 12252493262
Measurement discrepancy: 5
Measurement time: 10659293588
Measurement discrepancy: 3
Measurement time: 9805908333
Measurement discrepancy: 6
Measurement time: 11161402129
Measurement discrepancy: 3
Measurement time: 9430756928
Measurement discrepancy: 6
Measurement time: 10466390120
Measurement discrepancy: 3
Measurement time: 12384844757
Measurement discrepancy: 6

=== T=32 S=GlobalLog D=Normal V=100000 MIX=1:1:8 O=1000000 W=3 M=20 ===
Warmup time: 35101622392
Warmup discrepancy: 3
Warmup time: 34506282796
Warmup discrepancy: 0
Warmup time: 33421630109
Warmup discrepancy: 8
Measurement time: 33504850847
Measurement discrepancy: 1
Measurement time: 33613206555
Measurement discrepancy: 12
Measurement time: 35284389631
Measurement discrepancy: 7
Measurement time: 33555683830
Measurement discrepancy: 2
Measurement time: 33019791793
Measurement discrepancy: 4
Measurement time: 33968254509
Measurement discrepancy: 4
Measurement time: 35362449305
Measurement discrepancy: 4
Measurement time: 35521721797
Measurement discrepancy: 4
Measurement time: 33467027061
Measurement discrepancy: 4
Measurement time: 34324026153
Measurement discrepancy: 5
Measurement time: 30307739685
Measurement discrepancy: 6
Measurement time: 33548176122
Measurement discrepancy: 17
Measurement time: 34425153457
Measurement discrepancy: 7
Measurement time: 35157358309
Measurement discrepancy: 7
Measurement time: 34080020318
Measurement discrepancy: 3
Measurement time: 31499311420
Measurement discrepancy: 7
Measurement time: 33628756469
Measurement discrepancy: 5
Measurement time: 33364216845
Measurement discrepancy: 9
Measurement time: 31742462161
Measurement discrepancy: 11
Measurement time: 33172233457
Measurement discrepancy: 3

=== T=48 S=GlobalLog D=Normal V=100000 MIX=1:1:8 O=1000000 W=3 M=20 ===
Warmup time: 52551426512
Warmup discrepancy: 6
Warmup time: 53792574041
Warmup discrepancy: 9
Warmup time: 52780929970
Warmup discrepancy: 8
Measurement time: 54862348065
Measurement discrepancy: 9
Measurement time: 53007440949
Measurement discrepancy: 10
Measurement time: 51815252647
Measurement discrepancy: 5
Measurement time: 53992448141
Measurement discrepancy: 8
Measurement time: 53029982527
Measurement discrepancy: 9
Measurement time: 53683821858
Measurement discrepancy: 13
Measurement time: 51951520984
Measurement discrepancy: 5
Measurement time: 48139869888
Measurement discrepancy: 12
Measurement time: 47212374507
Measurement discrepancy: 19
Measurement time: 49198739999
Measurement discrepancy: 1
Measurement time: 48361674317
Measurement discrepancy: 3
Measurement time: 49879015668
Measurement discrepancy: 12
Measurement time: 50723827775
Measurement discrepancy: 10
Measurement time: 46529830587
Measurement discrepancy: 12
Measurement time: 47852125398
Measurement discrepancy: 13
Measurement time: 49811939092
Measurement discrepancy: 10
Measurement time: 47416225333
Measurement discrepancy: 11
Measurement time: 46036669648
Measurement discrepancy: 12
Measurement time: 46961598431
Measurement discrepancy: 9
Measurement time: 46689166341
Measurement discrepancy: 4

=== T=1 S=GlobalLog D=Normal V=100000 MIX=1:1:0 O=1000000 W=3 M=20 ===
Warmup time: 1278407781
Warmup discrepancy: 0
Warmup time: 1223098486
Warmup discrepancy: 0
Warmup time: 1119231552
Warmup discrepancy: 0
Measurement time: 1143810041
Measurement discrepancy: 0
Measurement time: 1069088433
Measurement discrepancy: 0
Measurement time: 1079192212
Measurement discrepancy: 0
Measurement time: 1092807287
Measurement discrepancy: 0
Measurement time: 1091235544
Measurement discrepancy: 0
Measurement time: 1104729368
Measurement discrepancy: 0
Measurement time: 1200255981
Measurement discrepancy: 0
Measurement time: 1019047690
Measurement discrepancy: 0
Measurement time: 996330785
Measurement discrepancy: 0
Measurement time: 1046872933
Measurement discrepancy: 0
Measurement time: 1048285492
Measurement discrepancy: 0
Measurement time: 1038150165
Measurement discrepancy: 0
Measurement time: 1067737611
Measurement discrepancy: 0
Measurement time: 1071654801
Measurement discrepancy: 0
Measurement time: 1061869548
Measurement discrepancy: 0
Measurement time: 1042590699
Measurement discrepancy: 0
Measurement time: 1029246891
Measurement discrepancy: 0
Measurement time: 1055728895
Measurement discrepancy: 0
Measurement time: 1041990136
Measurement discrepancy: 0
Measurement time: 1128609748
Measurement discrepancy: 0

=== T=2 S=GlobalLog D=Normal V=100000 MIX=1:1:0 O=1000000 W=3 M=20 ===
Warmup time: 2182060026
Warmup discrepancy: 2
Warmup time: 1709120527
Warmup discrepancy: 0
Warmup time: 1614034593
Warmup discrepancy: 2
Measurement time: 1688108938
Measurement discrepancy: 2
Measurement time: 1591491938
Measurement discrepancy: 0
Measurement time: 1625342944
Measurement discrepancy: 0
Measurement time: 1485876144
Measurement discrepancy: 0
Measurement time: 1648120295
Measurement discrepancy: 2
Measurement time: 1881646074
Measurement discrepancy: 0
Measurement time: 1602218566
Measurement discrepancy: 0
Measurement time: 1634960699
Measurement discrepancy: 0
Measurement time: 1486806681
Measurement discrepancy: 0
Measurement time: 1587113538
Measurement discrepancy: 0
Measurement time: 1616668277
Measurement discrepancy: 2
Measurement time: 1926778466
Measurement discrepancy: 0
Measurement time: 1582495313
Measurement discrepancy: 0
Measurement time: 1580002837
Measurement discrepancy: 0
Measurement time: 1669746589
Measurement discrepancy: 0
Measurement time: 1596152129
Measurement discrepancy: 0
Measurement time: 1544527685
Measurement discrepancy: 2
Measurement time: 1618561482
Measurement discrepancy: 4
Measurement time: 1573263193
Measurement discrepancy: 4
Measurement time: 1531835867
Measurement discrepancy: 4

=== T=4 S=GlobalLog D=Normal V=100000 MIX=1:1:0 O=1000000 W=3 M=20 ===
Warmup time: 3538352101
Warmup discrepancy: 6
Warmup time: 3083375955
Warmup discrepancy: 4
Warmup time: 2765180229
Warmup discrepancy: 4
Measurement time: 2502856437
Measurement discrepancy: 4
Measurement time: 3165232559
Measurement discrepancy: 2
Measurement time: 2906570959
Measurement discrepancy: 0
Measurement time: 2828623189
Measurement discrepancy: 10
Measurement time: 2830238354
Measurement discrepancy: 2
Measurement time: 2806915071
Measurement discrepancy: 6
Measurement time: 2216081984
Measurement discrepancy: 8
Measurement time: 2180696722
Measurement discrepancy: 2
Measurement time: 2537368724
Measurement discrepancy: 0
Measurement time: 2155167822
Measurement discrepancy: 2
Measurement time: 2206949371
Measurement discrepancy: 2
Measurement time: 2324698512
Measurement discrepancy: 4
Measurement time: 2226888849
Measurement discrepancy: 6
Measurement time: 2184959400
Measurement discrepancy: 10
Measurement time: 3610574469
Measurement discrepancy: 0
Measurement time: 2249740842
Measurement discrepancy: 0
Measurement time: 2284777987
Measurement discrepancy: 2
Measurement time: 2762035963
Measurement discrepancy: 8
Measurement time: 2492318494
Measurement discrepancy: 0
Measurement time: 2168260463
Measurement discrepancy: 6

=== T=8 S=GlobalLog D=Normal V=100000 MIX=1:1:0 O=1000000 W=3 M=20 ===
Warmup time: 5378575091
Warmup discrepancy: 12
Warmup time: 4459139807
Warmup discrepancy: 14
Warmup time: 4934471194
Warmup discrepancy: 20
Measurement time: 4465114244
Measurement discrepancy: 16
Measurement time: 4671362359
Measurement discrepancy: 16
Measurement time: 3805829342
Measurement discrepancy: 16
Measurement time: 4552154850
Measurement discrepancy: 10
Measurement time: 4016593487
Measurement discrepancy: 12
Measurement time: 3493238425
Measurement discrepancy: 10
Measurement time: 2876322341
Measurement discrepancy: 16
Measurement time: 4784040093
Measurement discrepancy: 36
Measurement time: 3062336378
Measurement discrepancy: 14
Measurement time: 4720706778
Measurement discrepancy: 20
Measurement time: 5474284906
Measurement discrepancy: 16
Measurement time: 4602386329
Measurement discrepancy: 12
Measurement time: 5459564906
Measurement discrepancy: 14
Measurement time: 2892278573
Measurement discrepancy: 14
Measurement time: 3088845598
Measurement discrepancy: 20
Measurement time: 3245708980
Measurement discrepancy: 12
Measurement time: 4169898632
Measurement discrepancy: 18
Measurement time: 4275656122
Measurement discrepancy: 12
Measurement time: 4246317596
Measurement discrepancy: 20
Measurement time: 4124567616
Measurement discrepancy: 10

=== T=16 S=GlobalLog D=Normal V=100000 MIX=1:1:0 O=1000000 W=3 M=20 ===
Warmup time: 12507583866
Warmup discrepancy: 36
Warmup time: 8305231496
Warmup discrepancy: 18
Warmup time: 11622724165
Warmup discrepancy: 20
Measurement time: 11187500962
Measurement discrepancy: 14
Measurement time: 11716844084
Measurement discrepancy: 22
Measurement time: 11834295640
Measurement discrepancy: 30
Measurement time: 11815434392
Measurement discrepancy: 28
Measurement time: 11412572345
Measurement discrepancy: 24
Measurement time: 12047642715
Measurement discrepancy: 24
Measurement time: 11436051123
Measurement discrepancy: 26
Measurement time: 12353459125
Measurement discrepancy: 32
Measurement time: 13287704702
Measurement discrepancy: 28
Measurement time: 11725831920
Measurement discrepancy: 12
Measurement time: 13428504165
Measurement discrepancy: 26
Measurement time: 11917661652
Measurement discrepancy: 46
Measurement time: 11941367341
Measurement discrepancy: 32
Measurement time: 12201202427
Measurement discrepancy: 30
Measurement time: 9450616938
Measurement discrepancy: 14
Measurement time: 12332293323
Measurement discrepancy: 20
Measurement time: 11767362110
Measurement discrepancy: 14
Measurement time: 12454564546
Measurement discrepancy: 22
Measurement time: 10851012272
Measurement discrepancy: 28
Measurement time: 12290219418
Measurement discrepancy: 22

=== T=32 S=GlobalLog D=Normal V=100000 MIX=1:1:0 O=1000000 W=3 M=20 ===
Warmup time: 33774003700
Warmup discrepancy: 38
Warmup time: 32506413582
Warmup discrepancy: 42
Warmup time: 34165187806
Warmup discrepancy: 20
Measurement time: 31823191291
Measurement discrepancy: 32
Measurement time: 33609233854
Measurement discrepancy: 32
Measurement time: 32422978685
Measurement discrepancy: 32
Measurement time: 32437012355
Measurement discrepancy: 36
Measurement time: 31785291338
Measurement discrepancy: 30
Measurement time: 32269763775
Measurement discrepancy: 36
Measurement time: 31380930594
Measurement discrepancy: 42
Measurement time: 30943695307
Measurement discrepancy: 36
Measurement time: 31076143958
Measurement discrepancy: 36
Measurement time: 32736993786
Measurement discrepancy: 30
Measurement time: 31525345158
Measurement discrepancy: 42
Measurement time: 30941677408
Measurement discrepancy: 30
Measurement time: 30438222008
Measurement discrepancy: 32
Measurement time: 33417093251
Measurement discrepancy: 46
Measurement time: 33695138582
Measurement discrepancy: 48
Measurement time: 32649785436
Measurement discrepancy: 24
Measurement time: 33823842216
Measurement discrepancy: 36
Measurement time: 31073977767
Measurement discrepancy: 46
Measurement time: 31639203945
Measurement discrepancy: 24
Measurement time: 34798580571
Measurement discrepancy: 36

=== T=48 S=GlobalLog D=Normal V=100000 MIX=1:1:0 O=1000000 W=3 M=20 ===
Warmup time: 59227980130
Warmup discrepancy: 38
Warmup time: 57614839208
Warmup discrepancy: 54
Warmup time: 57676493158
Warmup discrepancy: 38
Measurement time: 56788681915
Measurement discrepancy: 58
Measurement time: 55651489978
Measurement discrepancy: 52
Measurement time: 57698616148
Measurement discrepancy: 56
Measurement time: 57595631106
Measurement discrepancy: 38
Measurement time: 56266976597
Measurement discrepancy: 30
Measurement time: 55819938717
Measurement discrepancy: 66
Measurement time: 56705270623
Measurement discrepancy: 46
Measurement time: 55675382598
Measurement discrepancy: 40
Measurement time: 57299853876
Measurement discrepancy: 60
Measurement time: 52807325699
Measurement discrepancy: 56
Measurement time: 53365688187
Measurement discrepancy: 50
Measurement time: 52821137859
Measurement discrepancy: 38
Measurement time: 57851843201
Measurement discrepancy: 50
Measurement time: 56615393886
Measurement discrepancy: 42
Measurement time: 58193928006
Measurement discrepancy: 48
Measurement time: 55277012122
Measurement discrepancy: 46
Measurement time: 56785218797
Measurement discrepancy: 44
Measurement time: 55940184738
Measurement discrepancy: 74
Measurement time: 56633389609
Measurement discrepancy: 36
Measurement time: 57294045554
Measurement discrepancy: 54

