Note: Main.java uses unchecked or unsafe operations.
Note: Recompile with -Xlint:unchecked for details.
=== T=1 S=GlobalLog D=Uniform V=10000 MIX=1:1:8 O=100000 W=3 M=20 ===
Warmup time: 136742819
Warmup discrepancy: 0
Warmup time: 138612026
Warmup discrepancy: 0
Warmup time: 136301331
Warmup discrepancy: 0
Measurement time: 125600907
Measurement discrepancy: 0
Measurement time: 114183471
Measurement discrepancy: 0
Measurement time: 130732623
Measurement discrepancy: 0
Measurement time: 147293296
Measurement discrepancy: 0
Measurement time: 128888743
Measurement discrepancy: 0
Measurement time: 120698594
Measurement discrepancy: 0
Measurement time: 121774660
Measurement discrepancy: 0
Measurement time: 113553082
Measurement discrepancy: 0
Measurement time: 113310171
Measurement discrepancy: 0
Measurement time: 112986612
Measurement discrepancy: 0
Measurement time: 114567954
Measurement discrepancy: 0
Measurement time: 126928838
Measurement discrepancy: 0
Measurement time: 139371654
Measurement discrepancy: 0
Measurement time: 145610324
Measurement discrepancy: 0
Measurement time: 131016329
Measurement discrepancy: 0
Measurement time: 121535726
Measurement discrepancy: 0
Measurement time: 117501194
Measurement discrepancy: 0
Measurement time: 112873512
Measurement discrepancy: 0
Measurement time: 113336750
Measurement discrepancy: 0
Measurement time: 128285564
Measurement discrepancy: 0

=== T=2 S=GlobalLog D=Uniform V=10000 MIX=1:1:8 O=100000 W=3 M=20 ===
Warmup time: 451342267
Warmup discrepancy: 0
Warmup time: 288620356
Warmup discrepancy: 1
Warmup time: 198100110
Warmup discrepancy: 0
Measurement time: 224855169
Measurement discrepancy: 0
Measurement time: 229210867
Measurement discrepancy: 0
Measurement time: 345565274
Measurement discrepancy: 0
Measurement time: 155672635
Measurement discrepancy: 0
Measurement time: 251179869
Measurement discrepancy: 0
Measurement time: 228261095
Measurement discrepancy: 0
Measurement time: 273185039
Measurement discrepancy: 0
Measurement time: 295367377
Measurement discrepancy: 0
Measurement time: 232351651
Measurement discrepancy: 0
Measurement time: 254461375
Measurement discrepancy: 0
Measurement time: 257435451
Measurement discrepancy: 0
Measurement time: 214115570
Measurement discrepancy: 0
Measurement time: 229132741
Measurement discrepancy: 0
Measurement time: 255109307
Measurement discrepancy: 0
Measurement time: 264267240
Measurement discrepancy: 0
Measurement time: 238818784
Measurement discrepancy: 0
Measurement time: 268423859
Measurement discrepancy: 0
Measurement time: 249709501
Measurement discrepancy: 0
Measurement time: 237490111
Measurement discrepancy: 0
Measurement time: 448672132
Measurement discrepancy: 0

=== T=4 S=GlobalLog D=Uniform V=10000 MIX=1:1:8 O=100000 W=3 M=20 ===
Warmup time: 555969591
Warmup discrepancy: 0
Warmup time: 497525122
Warmup discrepancy: 0
Warmup time: 478900781
Warmup discrepancy: 0
Measurement time: 300594011
Measurement discrepancy: 0
Measurement time: 320420039
Measurement discrepancy: 0
Measurement time: 365461221
Measurement discrepancy: 2
Measurement time: 363481911
Measurement discrepancy: 0
Measurement time: 350710896
Measurement discrepancy: 0
Measurement time: 310854209
Measurement discrepancy: 0
Measurement time: 349602621
Measurement discrepancy: 1
Measurement time: 328184378
Measurement discrepancy: 1
Measurement time: 320397307
Measurement discrepancy: 1
Measurement time: 345698490
Measurement discrepancy: 0
Measurement time: 355053990
Measurement discrepancy: 1
Measurement time: 342152714
Measurement discrepancy: 0
Measurement time: 329261928
Measurement discrepancy: 0
Measurement time: 318489428
Measurement discrepancy: 0
Measurement time: 313192706
Measurement discrepancy: 0
Measurement time: 362201155
Measurement discrepancy: 0
Measurement time: 315266312
Measurement discrepancy: 0
Measurement time: 364394773
Measurement discrepancy: 0
Measurement time: 311598990
Measurement discrepancy: 2
Measurement time: 335890410
Measurement discrepancy: 0

=== T=8 S=GlobalLog D=Uniform V=10000 MIX=1:1:8 O=100000 W=3 M=20 ===
Warmup time: 1149784939
Warmup discrepancy: 2
Warmup time: 773392616
Warmup discrepancy: 1
Warmup time: 882701928
Warmup discrepancy: 0
Measurement time: 973812718
Measurement discrepancy: 1
Measurement time: 651755482
Measurement discrepancy: 0
Measurement time: 757448176
Measurement discrepancy: 1
Measurement time: 747693365
Measurement discrepancy: 0
Measurement time: 713617138
Measurement discrepancy: 0
Measurement time: 533276866
Measurement discrepancy: 1
Measurement time: 692203365
Measurement discrepancy: 0
Measurement time: 600567270
Measurement discrepancy: 1
Measurement time: 660683048
Measurement discrepancy: 0
Measurement time: 522784296
Measurement discrepancy: 0
Measurement time: 584461030
Measurement discrepancy: 0
Measurement time: 586405827
Measurement discrepancy: 2
Measurement time: 506306988
Measurement discrepancy: 0
Measurement time: 501723729
Measurement discrepancy: 0
Measurement time: 553515830
Measurement discrepancy: 2
Measurement time: 581311559
Measurement discrepancy: 0
Measurement time: 557078226
Measurement discrepancy: 3
Measurement time: 390806806
Measurement discrepancy: 0
Measurement time: 348402485
Measurement discrepancy: 1
Measurement time: 692943708
Measurement discrepancy: 0

=== T=1 S=GlobalLog D=Uniform V=10000 MIX=1:1:0 O=100000 W=3 M=20 ===
Warmup time: 279514717
Warmup discrepancy: 0
Warmup time: 169220119
Warmup discrepancy: 0
Warmup time: 188657809
Warmup discrepancy: 0
Measurement time: 138698065
Measurement discrepancy: 0
Measurement time: 192402242
Measurement discrepancy: 0
Measurement time: 141169227
Measurement discrepancy: 0
Measurement time: 134526208
Measurement discrepancy: 0
Measurement time: 137165873
Measurement discrepancy: 0
Measurement time: 139797182
Measurement discrepancy: 0
Measurement time: 146674257
Measurement discrepancy: 0
Measurement time: 168283873
Measurement discrepancy: 0
Measurement time: 181567198
Measurement discrepancy: 0
Measurement time: 174736620
Measurement discrepancy: 0
Measurement time: 143540235
Measurement discrepancy: 0
Measurement time: 94166758
Measurement discrepancy: 0
Measurement time: 145366251
Measurement discrepancy: 0
Measurement time: 182260514
Measurement discrepancy: 0
Measurement time: 110743280
Measurement discrepancy: 0
Measurement time: 103908055
Measurement discrepancy: 0
Measurement time: 136979697
Measurement discrepancy: 0
Measurement time: 121392951
Measurement discrepancy: 0
Measurement time: 95408041
Measurement discrepancy: 0
Measurement time: 165227535
Measurement discrepancy: 0

=== T=2 S=GlobalLog D=Uniform V=10000 MIX=1:1:0 O=100000 W=3 M=20 ===
Warmup time: 314518534
Warmup discrepancy: 0
Warmup time: 311065301
Warmup discrepancy: 0
Warmup time: 358882461
Warmup discrepancy: 0
Measurement time: 309935536
Measurement discrepancy: 0
Measurement time: 264166784
Measurement discrepancy: 0
Measurement time: 348551351
Measurement discrepancy: 2
Measurement time: 336086885
Measurement discrepancy: 0
Measurement time: 267507940
Measurement discrepancy: 0
Measurement time: 217526798
Measurement discrepancy: 0
Measurement time: 310735719
Measurement discrepancy: 0
Measurement time: 301553901
Measurement discrepancy: 0
Measurement time: 207971546
Measurement discrepancy: 0
Measurement time: 306291467
Measurement discrepancy: 0
Measurement time: 258119049
Measurement discrepancy: 0
Measurement time: 221381145
Measurement discrepancy: 0
Measurement time: 205270828
Measurement discrepancy: 0
Measurement time: 372397444
Measurement discrepancy: 0
Measurement time: 254764006
Measurement discrepancy: 0
Measurement time: 293332383
Measurement discrepancy: 2
Measurement time: 284835305
Measurement discrepancy: 0
Measurement time: 209942341
Measurement discrepancy: 0
Measurement time: 348896280
Measurement discrepancy: 0
Measurement time: 319905125
Measurement discrepancy: 2

=== T=4 S=GlobalLog D=Uniform V=10000 MIX=1:1:0 O=100000 W=3 M=20 ===
Warmup time: 699780938
Warmup discrepancy: 0
Warmup time: 648365915
Warmup discrepancy: 6
Warmup time: 500824651
Warmup discrepancy: 0
Measurement time: 578317737
Measurement discrepancy: 0
Measurement time: 388196886
Measurement discrepancy: 0
Measurement time: 317521584
Measurement discrepancy: 0
Measurement time: 412368053
Measurement discrepancy: 2
Measurement time: 328580543
Measurement discrepancy: 2
Measurement time: 355641730
Measurement discrepancy: 8
Measurement time: 379028863
Measurement discrepancy: 4
Measurement time: 316929275
Measurement discrepancy: 2
Measurement time: 410163665
Measurement discrepancy: 6
Measurement time: 415167385
Measurement discrepancy: 4
Measurement time: 422980772
Measurement discrepancy: 2
Measurement time: 282540077
Measurement discrepancy: 0
Measurement time: 433721167
Measurement discrepancy: 0
Measurement time: 323309293
Measurement discrepancy: 0
Measurement time: 408005925
Measurement discrepancy: 2
Measurement time: 328842073
Measurement discrepancy: 4
Measurement time: 413083820
Measurement discrepancy: 0
Measurement time: 461854204
Measurement discrepancy: 0
Measurement time: 449996216
Measurement discrepancy: 2
Measurement time: 439842177
Measurement discrepancy: 4

=== T=8 S=GlobalLog D=Uniform V=10000 MIX=1:1:0 O=100000 W=3 M=20 ===
Warmup time: 1476196612
Warmup discrepancy: 2
Warmup time: 1073852436
Warmup discrepancy: 10
Warmup time: 859921509
Warmup discrepancy: 4
Measurement time: 987586553
Measurement discrepancy: 8
Measurement time: 562377990
Measurement discrepancy: 4
Measurement time: 583279390
Measurement discrepancy: 12
Measurement time: 612889875
Measurement discrepancy: 6
Measurement time: 639427263
Measurement discrepancy: 4
Measurement time: 596621199
Measurement discrepancy: 6
Measurement time: 585531966
Measurement discrepancy: 2
Measurement time: 514730420
Measurement discrepancy: 4
Measurement time: 554504012
Measurement discrepancy: 2
Measurement time: 490065846
Measurement discrepancy: 6
Measurement time: 586515199
Measurement discrepancy: 6
Measurement time: 660256355
Measurement discrepancy: 4
Measurement time: 602630611
Measurement discrepancy: 8
Measurement time: 618027211
Measurement discrepancy: 4
Measurement time: 664215437
Measurement discrepancy: 14
Measurement time: 641697643
Measurement discrepancy: 4
Measurement time: 649517162
Measurement discrepancy: 2
Measurement time: 592183520
Measurement discrepancy: 8
Measurement time: 646456647
Measurement discrepancy: 4
Measurement time: 524851177
Measurement discrepancy: 6

=== T=1 S=GlobalLog D=Normal V=10000 MIX=1:1:8 O=100000 W=3 M=20 ===
Warmup time: 257301718
Warmup discrepancy: 0
Warmup time: 149161496
Warmup discrepancy: 0
Warmup time: 140299674
Warmup discrepancy: 0
Measurement time: 141401407
Measurement discrepancy: 0
Measurement time: 140523238
Measurement discrepancy: 0
Measurement time: 141127980
Measurement discrepancy: 0
Measurement time: 178316487
Measurement discrepancy: 0
Measurement time: 142488122
Measurement discrepancy: 0
Measurement time: 147240023
Measurement discrepancy: 0
Measurement time: 154986197
Measurement discrepancy: 0
Measurement time: 154145559
Measurement discrepancy: 0
Measurement time: 171194111
Measurement discrepancy: 0
Measurement time: 143947368
Measurement discrepancy: 0
Measurement time: 140851617
Measurement discrepancy: 0
Measurement time: 141842174
Measurement discrepancy: 0
Measurement time: 147317738
Measurement discrepancy: 0
Measurement time: 153716572
Measurement discrepancy: 0
Measurement time: 157881746
Measurement discrepancy: 0
Measurement time: 154836960
Measurement discrepancy: 0
Measurement time: 155732150
Measurement discrepancy: 0
Measurement time: 143206574
Measurement discrepancy: 0
Measurement time: 155325627
Measurement discrepancy: 0
Measurement time: 158045469
Measurement discrepancy: 0

=== T=2 S=GlobalLog D=Normal V=10000 MIX=1:1:8 O=100000 W=3 M=20 ===
Warmup time: 369505544
Warmup discrepancy: 0
Warmup time: 287962582
Warmup discrepancy: 0
Warmup time: 289285354
Warmup discrepancy: 0
Measurement time: 283755731
Measurement discrepancy: 0
Measurement time: 247659508
Measurement discrepancy: 0
Measurement time: 236987340
Measurement discrepancy: 0
Measurement time: 266495926
Measurement discrepancy: 0
Measurement time: 276171217
Measurement discrepancy: 0
Measurement time: 238257965
Measurement discrepancy: 0
Measurement time: 215434865
Measurement discrepancy: 0
Measurement time: 225023905
Measurement discrepancy: 0
Measurement time: 287256032
Measurement discrepancy: 0
Measurement time: 269508762
Measurement discrepancy: 0
Measurement time: 233280936
Measurement discrepancy: 0
Measurement time: 294956540
Measurement discrepancy: 2
Measurement time: 236671193
Measurement discrepancy: 0
Measurement time: 331509389
Measurement discrepancy: 0
Measurement time: 239274110
Measurement discrepancy: 0
Measurement time: 175652447
Measurement discrepancy: 0
Measurement time: 253308473
Measurement discrepancy: 0
Measurement time: 238716536
Measurement discrepancy: 0
Measurement time: 266091055
Measurement discrepancy: 0
Measurement time: 264385293
Measurement discrepancy: 0

=== T=4 S=GlobalLog D=Normal V=10000 MIX=1:1:8 O=100000 W=3 M=20 ===
Warmup time: 571335091
Warmup discrepancy: 0
Warmup time: 475848344
Warmup discrepancy: 1
Warmup time: 327563345
Warmup discrepancy: 2
Measurement time: 406947164
Measurement discrepancy: 1
Measurement time: 456874076
Measurement discrepancy: 1
Measurement time: 320666876
Measurement discrepancy: 1
Measurement time: 393362722
Measurement discrepancy: 1
Measurement time: 383663054
Measurement discrepancy: 5
Measurement time: 378273879
Measurement discrepancy: 1
Measurement time: 346988269
Measurement discrepancy: 0
Measurement time: 327033573
Measurement discrepancy: 0
Measurement time: 404928821
Measurement discrepancy: 0
Measurement time: 414686067
Measurement discrepancy: 0
Measurement time: 411914567
Measurement discrepancy: 0
Measurement time: 338981370
Measurement discrepancy: 1
Measurement time: 272765782
Measurement discrepancy: 2
Measurement time: 333801063
Measurement discrepancy: 0
Measurement time: 343297364
Measurement discrepancy: 2
Measurement time: 375144876
Measurement discrepancy: 1
Measurement time: 309339759
Measurement discrepancy: 1
Measurement time: 320535111
Measurement discrepancy: 0
Measurement time: 266955667
Measurement discrepancy: 1
Measurement time: 375176094
Measurement discrepancy: 1

=== T=8 S=GlobalLog D=Normal V=10000 MIX=1:1:8 O=100000 W=3 M=20 ===
Warmup time: 1023933132
Warmup discrepancy: 2
Warmup time: 819528839
Warmup discrepancy: 3
Warmup time: 1055722816
Warmup discrepancy: 1
Measurement time: 805704932
Measurement discrepancy: 0
Measurement time: 628482097
Measurement discrepancy: 0
Measurement time: 777468049
Measurement discrepancy: 0
Measurement time: 742704064
Measurement discrepancy: 0
Measurement time: 668091877
Measurement discrepancy: 2
Measurement time: 573356842
Measurement discrepancy: 2
Measurement time: 551634728
Measurement discrepancy: 1
Measurement time: 589089287
Measurement discrepancy: 2
Measurement time: 708844792
Measurement discrepancy: 3
Measurement time: 732342829
Measurement discrepancy: 4
Measurement time: 554254567
Measurement discrepancy: 4
Measurement time: 591244655
Measurement discrepancy: 1
Measurement time: 445756488
Measurement discrepancy: 2
Measurement time: 593844015
Measurement discrepancy: 6
Measurement time: 592326540
Measurement discrepancy: 2
Measurement time: 644076521
Measurement discrepancy: 6
Measurement time: 546518791
Measurement discrepancy: 4
Measurement time: 573500579
Measurement discrepancy: 5
Measurement time: 487511443
Measurement discrepancy: 5
Measurement time: 529431432
Measurement discrepancy: 6

=== T=1 S=GlobalLog D=Normal V=10000 MIX=1:1:0 O=100000 W=3 M=20 ===
Warmup time: 258189278
Warmup discrepancy: 0
Warmup time: 139459165
Warmup discrepancy: 0
Warmup time: 165864002
Warmup discrepancy: 0
Measurement time: 148789919
Measurement discrepancy: 0
Measurement time: 206285483
Measurement discrepancy: 0
Measurement time: 141528042
Measurement discrepancy: 0
Measurement time: 188796511
Measurement discrepancy: 0
Measurement time: 154081682
Measurement discrepancy: 0
Measurement time: 162004995
Measurement discrepancy: 0
Measurement time: 147207986
Measurement discrepancy: 0
Measurement time: 131842290
Measurement discrepancy: 0
Measurement time: 131732166
Measurement discrepancy: 0
Measurement time: 132226942
Measurement discrepancy: 0
Measurement time: 164054707
Measurement discrepancy: 0
Measurement time: 162054738
Measurement discrepancy: 0
Measurement time: 160526324
Measurement discrepancy: 0
Measurement time: 140459430
Measurement discrepancy: 0
Measurement time: 164313827
Measurement discrepancy: 0
Measurement time: 176721978
Measurement discrepancy: 0
Measurement time: 182685578
Measurement discrepancy: 0
Measurement time: 116829729
Measurement discrepancy: 0
Measurement time: 141940647
Measurement discrepancy: 0
Measurement time: 133396452
Measurement discrepancy: 0

=== T=2 S=GlobalLog D=Normal V=10000 MIX=1:1:0 O=100000 W=3 M=20 ===
Warmup time: 418700604
Warmup discrepancy: 2
Warmup time: 253529917
Warmup discrepancy: 0
Warmup time: 328802560
Warmup discrepancy: 4
Measurement time: 285498722
Measurement discrepancy: 2
Measurement time: 288006403
Measurement discrepancy: 0
Measurement time: 261695922
Measurement discrepancy: 4
Measurement time: 219484752
Measurement discrepancy: 0
Measurement time: 291980032
Measurement discrepancy: 0
Measurement time: 287379311
Measurement discrepancy: 2
Measurement time: 199749202
Measurement discrepancy: 0
Measurement time: 308872670
Measurement discrepancy: 2
Measurement time: 248453022
Measurement discrepancy: 4
Measurement time: 315981664
Measurement discrepancy: 0
Measurement time: 247074246
Measurement discrepancy: 2
Measurement time: 256029613
Measurement discrepancy: 0
Measurement time: 266932392
Measurement discrepancy: 0
Measurement time: 278471421
Measurement discrepancy: 2
Measurement time: 269398235
Measurement discrepancy: 0
Measurement time: 304126959
Measurement discrepancy: 0
Measurement time: 319590405
Measurement discrepancy: 0
Measurement time: 304081955
Measurement discrepancy: 0
Measurement time: 256701479
Measurement discrepancy: 0
Measurement time: 227795013
Measurement discrepancy: 2

=== T=4 S=GlobalLog D=Normal V=10000 MIX=1:1:0 O=100000 W=3 M=20 ===
Warmup time: 749233021
Warmup discrepancy: 4
Warmup time: 662828606
Warmup discrepancy: 6
Warmup time: 512477512
Warmup discrepancy: 6
Measurement time: 573222453
Measurement discrepancy: 2
Measurement time: 341479368
Measurement discrepancy: 8
Measurement time: 440971596
Measurement discrepancy: 6
Measurement time: 398327612
Measurement discrepancy: 4
Measurement time: 407663366
Measurement discrepancy: 6
Measurement time: 301434636
Measurement discrepancy: 2
Measurement time: 413727842
Measurement discrepancy: 4
Measurement time: 359523892
Measurement discrepancy: 4
Measurement time: 352628524
Measurement discrepancy: 2
Measurement time: 415138788
Measurement discrepancy: 4
Measurement time: 420614443
Measurement discrepancy: 2
Measurement time: 329600047
Measurement discrepancy: 4
Measurement time: 393119714
Measurement discrepancy: 4
Measurement time: 344474463
Measurement discrepancy: 4
Measurement time: 436974853
Measurement discrepancy: 6
Measurement time: 340850702
Measurement discrepancy: 0
Measurement time: 451031311
Measurement discrepancy: 2
Measurement time: 452355647
Measurement discrepancy: 4
Measurement time: 356275968
Measurement discrepancy: 6
Measurement time: 352086198
Measurement discrepancy: 4

=== T=8 S=GlobalLog D=Normal V=10000 MIX=1:1:0 O=100000 W=3 M=20 ===
Warmup time: 1362910397
Warmup discrepancy: 18
Warmup time: 1151066326
Warmup discrepancy: 6
Warmup time: 818373662
Warmup discrepancy: 18
Measurement time: 982481697
Measurement discrepancy: 28
Measurement time: 582261926
Measurement discrepancy: 10
Measurement time: 603357537
Measurement discrepancy: 20
Measurement time: 652320839
Measurement discrepancy: 8
Measurement time: 574630694
Measurement discrepancy: 28
Measurement time: 641723788
Measurement discrepancy: 20
Measurement time: 558224329
Measurement discrepancy: 14
Measurement time: 425094241
Measurement discrepancy: 14
Measurement time: 698837413
Measurement discrepancy: 10
Measurement time: 682433442
Measurement discrepancy: 26
Measurement time: 567519646
Measurement discrepancy: 18
Measurement time: 853392543
Measurement discrepancy: 20
Measurement time: 789346677
Measurement discrepancy: 16
Measurement time: 655912488
Measurement discrepancy: 14
Measurement time: 697130774
Measurement discrepancy: 16
Measurement time: 631342337
Measurement discrepancy: 14
Measurement time: 681820872
Measurement discrepancy: 12
Measurement time: 650644556
Measurement discrepancy: 14
Measurement time: 629296291
Measurement discrepancy: 18
Measurement time: 661898653
Measurement discrepancy: 22

