Unloading the cpe module is insufficient to restore the system defaults.
Please run 'source
/opt/cray/pe/cpe/24.11/restore_lmod_system_defaults.[csh|sh]'. 
 
Sourcing the above script is not necessary if swapping the cpe module with a
different version. 

The following have been reloaded with a version change:
  1) gcc-native/12.3 => gcc-native/13.2

Available Cores: 96
Sorting algorithm:  ParallelStream
Thread count:       2
Array size:         10000000
Warm-up rounds:     10
Measurement rounds: 10
RNG seed:           42
Validating sorter
Validation passed
Starting Measurements
ParallelStream 2 1091828769.00 1430419.85
Measurements done
Available Cores: 96
Sorting algorithm:  ParallelStream
Thread count:       4
Array size:         10000000
Warm-up rounds:     10
Measurement rounds: 10
RNG seed:           42
Validating sorter
Validation passed
Starting Measurements
ParallelStream 4 622637497.00 17423318.84
Measurements done
Available Cores: 96
Sorting algorithm:  ParallelStream
Thread count:       8
Array size:         10000000
Warm-up rounds:     10
Measurement rounds: 10
RNG seed:           42
Validating sorter
Validation passed
Starting Measurements
ParallelStream 8 382422308.00 18272223.33
Measurements done
Available Cores: 96
Sorting algorithm:  ParallelStream
Thread count:       16
Array size:         10000000
Warm-up rounds:     10
Measurement rounds: 10
RNG seed:           42
Validating sorter
Validation passed
Starting Measurements
ParallelStream 16 291861890.00 14025402.43
Measurements done
Available Cores: 96
Sorting algorithm:  ParallelStream
Thread count:       32
Array size:         10000000
Warm-up rounds:     10
Measurement rounds: 10
RNG seed:           42
Validating sorter
Validation passed
Starting Measurements
ParallelStream 32 208598708.00 9130281.84
Measurements done
Available Cores: 96
Sorting algorithm:  ParallelStream
Thread count:       48
Array size:         10000000
Warm-up rounds:     10
Measurement rounds: 10
RNG seed:           42
Validating sorter
Validation passed
Starting Measurements
ParallelStream 48 180225478.00 3008318.62
Measurements done
Available Cores: 96
Sorting algorithm:  ParallelStream
Thread count:       64
Array size:         10000000
Warm-up rounds:     10
Measurement rounds: 10
RNG seed:           42
Validating sorter
Validation passed
Starting Measurements
ParallelStream 64 178679199.00 2504244.73
Measurements done
Available Cores: 96
Sorting algorithm:  ParallelStream
Thread count:       96
Array size:         10000000
Warm-up rounds:     10
Measurement rounds: 10
RNG seed:           42
Validating sorter
Validation passed
Starting Measurements
ParallelStream 96 189188088.00 3831983.57
Measurements done
