Sorting algorithm:  ForkJoinPool
Thread count:       2
Array size:         1000000
Warm-up rounds:     10
Measurement rounds: 1000
RNG seed:           42
Validating sorter
Validation passed
Starting Measurements
ForkJoinPool 2 82832098.00 2816664.61
Measurements done
Sorting algorithm:  ForkJoinPool
Thread count:       4
Array size:         1000000
Warm-up rounds:     10
Measurement rounds: 1000
RNG seed:           42
Validating sorter
Validation passed
Starting Measurements
ForkJoinPool 4 49129931.00 3321260.10
Measurements done
Sorting algorithm:  ForkJoinPool
Thread count:       8
Array size:         1000000
Warm-up rounds:     10
Measurement rounds: 1000
RNG seed:           42
Validating sorter
Validation passed
Starting Measurements
ForkJoinPool 8 62080271.00 5696376.15
Measurements done
Sorting algorithm:  ForkJoinPool
Thread count:       16
Array size:         1000000
Warm-up rounds:     10
Measurement rounds: 1000
RNG seed:           42
Validating sorter
Validation passed
Starting Measurements
ForkJoinPool 16 59442995.00 3334137.79
Measurements done
Sorting algorithm:  ForkJoinPool
Thread count:       32
Array size:         1000000
Warm-up rounds:     10
Measurement rounds: 1000
RNG seed:           42
Validating sorter
Validation passed
Starting Measurements
ForkJoinPool 32 51458252.00 4759933.79
Measurements done
Sorting algorithm:  ForkJoinPool
Thread count:       48
Array size:         1000000
Warm-up rounds:     10
Measurement rounds: 1000
RNG seed:           42
Validating sorter
Validation passed
Starting Measurements
ForkJoinPool 48 60909569.00 2360572.05
Measurements done
Sorting algorithm:  ForkJoinPool
Thread count:       64
Array size:         1000000
Warm-up rounds:     10
Measurement rounds: 1000
RNG seed:           42
Validating sorter
Validation passed
Starting Measurements
ForkJoinPool 64 55403502.00 4088802.31
Measurements done
Sorting algorithm:  ForkJoinPool
Thread count:       96
Array size:         1000000
Warm-up rounds:     10
Measurement rounds: 1000
RNG seed:           42
Validating sorter
Validation passed
Starting Measurements
ForkJoinPool 96 56628317.00 6341528.07
Measurements done
