Unloading the cpe module is insufficient to restore the system defaults.
Please run 'source
/opt/cray/pe/cpe/24.11/restore_lmod_system_defaults.[csh|sh]'. 
 
Sourcing the above script is not necessary if swapping the cpe module with a
different version. 

The following have been reloaded with a version change:
  1) gcc-native/12.3 => gcc-native/13.2

Sorting algorithm:  ExecutorService
Thread count:       2
Array size:         1000000
Warm-up rounds:     10
Measurement rounds: 1000
RNG seed:           42
Validating sorter
Validation passed
Starting Measurements
ExecutorService 2 68364561.00 565028.91
Measurements done
Sorting algorithm:  ExecutorService
Thread count:       4
Array size:         1000000
Warm-up rounds:     10
Measurement rounds: 1000
RNG seed:           42
Validating sorter
Validation passed
Starting Measurements
ExecutorService 4 48013556.00 6426477.26
Measurements done
Sorting algorithm:  ExecutorService
Thread count:       8
Array size:         1000000
Warm-up rounds:     10
Measurement rounds: 1000
RNG seed:           42
Validating sorter
Validation passed
Starting Measurements
ExecutorService 8 52814682.00 4883212.29
Measurements done
Sorting algorithm:  ExecutorService
Thread count:       16
Array size:         1000000
Warm-up rounds:     10
Measurement rounds: 1000
RNG seed:           42
Validating sorter
Validation passed
Starting Measurements
ExecutorService 16 52840706.00 4168297.08
Measurements done
Sorting algorithm:  ExecutorService
Thread count:       32
Array size:         1000000
Warm-up rounds:     10
Measurement rounds: 1000
RNG seed:           42
Validating sorter
Validation passed
Starting Measurements
ExecutorService 32 52003196.00 3793117.46
Measurements done
Sorting algorithm:  ExecutorService
Thread count:       48
Array size:         1000000
Warm-up rounds:     10
Measurement rounds: 1000
RNG seed:           42
Validating sorter
Validation passed
Starting Measurements
ExecutorService 48 52267949.00 3382351.07
Measurements done
Sorting algorithm:  ExecutorService
Thread count:       64
Array size:         1000000
Warm-up rounds:     10
Measurement rounds: 1000
RNG seed:           42
Validating sorter
Validation passed
Starting Measurements
ExecutorService 64 51111563.00 3448156.38
Measurements done
Sorting algorithm:  ExecutorService
Thread count:       96
Array size:         1000000
Warm-up rounds:     10
Measurement rounds: 1000
RNG seed:           42
Validating sorter
Validation passed
Starting Measurements
ExecutorService 96 53052954.00 4193936.06
Measurements done
