Unloading the cpe module is insufficient to restore the system defaults.
Please run 'source
/opt/cray/pe/cpe/24.11/restore_lmod_system_defaults.[csh|sh]'. 
 
Sourcing the above script is not necessary if swapping the cpe module with a
different version. 

The following have been reloaded with a version change:
  1) gcc-native/12.3 => gcc-native/13.2

Available Cores: 96
Sorting algorithm:  ForkJoinPool
Thread count:       2
Array size:         10000000
Warm-up rounds:     10
Measurement rounds: 10
RNG seed:           42
Validating sorter
Validation passed
Starting Measurements
ForkJoinPool 2 795457915.00 4767737.50
Measurements done
Available Cores: 96
Sorting algorithm:  ForkJoinPool
Thread count:       4
Array size:         10000000
Warm-up rounds:     10
Measurement rounds: 10
RNG seed:           42
Validating sorter
Validation passed
Starting Measurements
ForkJoinPool 4 443858899.00 2452881.78
Measurements done
Available Cores: 96
Sorting algorithm:  ForkJoinPool
Thread count:       8
Array size:         10000000
Warm-up rounds:     10
Measurement rounds: 10
RNG seed:           42
Validating sorter
Validation passed
Starting Measurements
ForkJoinPool 8 291010720.00 2284326.63
Measurements done
Available Cores: 96
Sorting algorithm:  ForkJoinPool
Thread count:       16
Array size:         10000000
Warm-up rounds:     10
Measurement rounds: 10
RNG seed:           42
Validating sorter
Validation passed
Starting Measurements
ForkJoinPool 16 211404735.00 2338739.01
Measurements done
Available Cores: 96
Sorting algorithm:  ForkJoinPool
Thread count:       32
Array size:         10000000
Warm-up rounds:     10
Measurement rounds: 10
RNG seed:           42
Validating sorter
Validation passed
Starting Measurements
ForkJoinPool 32 177389730.00 4760710.37
Measurements done
Available Cores: 96
Sorting algorithm:  ForkJoinPool
Thread count:       48
Array size:         10000000
Warm-up rounds:     10
Measurement rounds: 10
RNG seed:           42
Validating sorter
Validation passed
Starting Measurements
ForkJoinPool 48 176825242.00 2357450.06
Measurements done
Available Cores: 96
Sorting algorithm:  ForkJoinPool
Thread count:       64
Array size:         10000000
Warm-up rounds:     10
Measurement rounds: 10
RNG seed:           42
Validating sorter
Validation passed
Starting Measurements
ForkJoinPool 64 164045920.00 2129533.49
Measurements done
Available Cores: 96
Sorting algorithm:  ForkJoinPool
Thread count:       96
Array size:         10000000
Warm-up rounds:     10
Measurement rounds: 10
RNG seed:           42
Validating sorter
Validation passed
Starting Measurements
ForkJoinPool 96 159511930.00 2213690.15
Measurements done
